// Jest Snapshot v1, https://goo.gl/fbAQLP

exports[`SlideToggle matches the snapshot 1`] = `
ShallowWrapper {
  Symbol(enzyme.__root__): [Circular],
  Symbol(enzyme.__unrendered__): <SlideToggle
    classes={
      Object {
        "@keyframes changeOff": "@keyframes changeOff",
        "@keyframes changeOn": "@keyframes changeOn",
        "cont": "cont",
        "disabled": "disabled",
        "label": "label",
        "slider": "slider",
        "sliderCkecked": "sliderCkecked",
        "switch": "switch",
      }
    }
  />,
  Symbol(enzyme.__renderer__): Object {
    "batchedUpdates": [Function],
    "checkPropTypes": [Function],
    "getNode": [Function],
    "render": [Function],
    "simulateError": [Function],
    "simulateEvent": [Function],
    "unmount": [Function],
  },
  Symbol(enzyme.__node__): Object {
    "instance": null,
    "key": undefined,
    "nodeType": "host",
    "props": Object {
      "children": Array [
        <div
          className="switch"
        >
          <span
            className="slider  "
            onClick={[Function]}
          />
        </div>,
        undefined,
      ],
      "className": "cont",
      "id": undefined,
      "style": undefined,
    },
    "ref": null,
    "rendered": Array [
      Object {
        "instance": null,
        "key": undefined,
        "nodeType": "host",
        "props": Object {
          "children": <span
            className="slider  "
            onClick={[Function]}
          />,
          "className": "switch",
        },
        "ref": null,
        "rendered": Object {
          "instance": null,
          "key": undefined,
          "nodeType": "host",
          "props": Object {
            "className": "slider  ",
            "onClick": [Function],
          },
          "ref": null,
          "rendered": null,
          "type": "span",
        },
        "type": "div",
      },
      undefined,
    ],
    "type": "div",
  },
  Symbol(enzyme.__nodes__): Array [
    Object {
      "instance": null,
      "key": undefined,
      "nodeType": "host",
      "props": Object {
        "children": Array [
          <div
            className="switch"
          >
            <span
              className="slider  "
              onClick={[Function]}
            />
          </div>,
          undefined,
        ],
        "className": "cont",
        "id": undefined,
        "style": undefined,
      },
      "ref": null,
      "rendered": Array [
        Object {
          "instance": null,
          "key": undefined,
          "nodeType": "host",
          "props": Object {
            "children": <span
              className="slider  "
              onClick={[Function]}
            />,
            "className": "switch",
          },
          "ref": null,
          "rendered": Object {
            "instance": null,
            "key": undefined,
            "nodeType": "host",
            "props": Object {
              "className": "slider  ",
              "onClick": [Function],
            },
            "ref": null,
            "rendered": null,
            "type": "span",
          },
          "type": "div",
        },
        undefined,
      ],
      "type": "div",
    },
  ],
  Symbol(enzyme.__options__): Object {
    "adapter": ReactSixteenAdapter {
      "options": Object {
        "enableComponentDidUpdateOnSetState": true,
        "legacyContextMode": "parent",
        "lifecycles": Object {
          "componentDidUpdate": Object {
            "onSetState": true,
          },
          "getChildContext": Object {
            "calledByRenderer": false,
          },
          "getDerivedStateFromError": true,
          "getDerivedStateFromProps": Object {
            "hasShouldComponentUpdateBug": false,
          },
          "getSnapshotBeforeUpdate": true,
          "setState": Object {
            "skipsComponentDidUpdateOnNullish": true,
          },
        },
      },
    },
  },
  Symbol(enzyme.__childContext__): null,
}
`;

exports[`SlideToggle styles matches the snapshot 1`] = `
Object {
  "@keyframes changeOff": Object {
    "0%": Object {
      "content": "url(data:image/svg+xml;base64,PHN2ZyB2ZXJzaW9uPSIxLjEiIHhtbG5zPSJodHRwOi8vd3d3LnczLm9yZy8yMDAwL3N2ZyIgeG1sbnM6eGxpbms9Imh0dHA6Ly93d3cudzMub3JnLzE5OTkveGxpbmsiIHg9IjBweCIgeT0iMHB4IgogICAgICAgICAgICAJIHZpZXdCb3g9IjAgMCAyNCAyNCIgc3R5bGU9ImVuYWJsZS1iYWNrZ3JvdW5kOm5ldyAwIDAgMjQgMjQ7IiB4bWw6c3BhY2U9InByZXNlcnZlIj4KICAgICAgICAgICAgPHBhdGggZmlsbD0iI2RkZGRkZCIgZD0iTTE4LjI4MDI1MTgsNy4zMDU3NjQ4IEwxOS43MTk3NDgyLDguNjk0MjM1MiBMMTEuMDM4NzcyNCwxNy42OTQyMzUyIEMxMC42NzM3NTY4LDE4LjA3MjY2NSAxMC4wNzgwMzIzLAogICAgICAgICAgICAxOC4xMDM3OTczIDkuNjc1NTU5NzIsMTcuNzY1NDc2IEw1LjM1NjUzNTU2LDE0LjEzNDg3NDMgTDYuNjQzNDY0NDQsMTIuNjAzOTIyMyBMMTAuMjQ3NjE2NywxNS42MzM1OTc3IEwxOC4yODAyNTE4LDcuMzA1NzY0OCBaIi8+CiAgICAgICAgICAgIDwvc3ZnPg==)",
    },
    "100%": Object {
      "content": "url(data:image/svg+xml;base64,PHN2ZyB2ZXJzaW9uPSIxLjEiIHhtbG5zPSJodHRwOi8vd3d3LnczLm9yZy8yMDAwL3N2ZyIgeG1sbnM6eGxpbms9Imh0dHA6Ly93d3cudzMub3JnLzE5OTkveGxpbmsiIHg9IjBweCIgeT0iMHB4IgogICAgICAgICAgICAJIHZpZXdCb3g9IjAgMCAyNCAyNCIgc3R5bGU9ImVuYWJsZS1iYWNrZ3JvdW5kOm5ldyAwIDAgMjQgMjQ7IiB4bWw6c3BhY2U9InByZXNlcnZlIj4KICAgICAgICAgICAgPHBvbHlnb24gZmlsbD0iI2RkZGRkZCIgcG9pbnRzPSI1LjQsNCA0LDUuNCAxMC43LDEyLjEgNC4yLDE4LjYgNS42LDIwIDEyLjEsMTMuNSAxOC40LDE5LjggMTkuOCwxOC40IDEzLjUsMTIuMSAyMCw1LjYgMTguNiw0LjIKICAgICAgICAgICAgCTEyLjEsMTAuNyAiLz4KICAgICAgICAgICAgPC9zdmc+)",
    },
    "50%": Object {
      "content": "url(data:image/svg+xml;base64,PHN2ZyB2ZXJzaW9uPSIxLjEiIHhtbG5zPSJodHRwOi8vd3d3LnczLm9yZy8yMDAwL3N2ZyIgeG1sbnM6eGxpbms9Imh0dHA6Ly93d3cudzMub3JnLzE5OTkveGxpbmsiIHg9IjBweCIgeT0iMHB4IgogICAgICAgICAgICAJIHZpZXdCb3g9IjAgMCAyNCAyNCIgc3R5bGU9ImVuYWJsZS1iYWNrZ3JvdW5kOm5ldyAwIDAgMjQgMjQ7IiB4bWw6c3BhY2U9InByZXNlcnZlIj4KICAgICAgICAgICAgPHBhdGggZmlsbD0iI2ZmZmZmZiIgZD0iTTE4LjI4MDI1MTgsNy4zMDU3NjQ4IEwxOS43MTk3NDgyLDguNjk0MjM1MiBMMTEuMDM4NzcyNCwxNy42OTQyMzUyIEMxMC42NzM3NTY4LDE4LjA3MjY2NSAxMC4wNzgwMzIzLAogICAgICAgICAgICAxOC4xMDM3OTczIDkuNjc1NTU5NzIsMTcuNzY1NDc2IEw1LjM1NjUzNTU2LDE0LjEzNDg3NDMgTDYuNjQzNDY0NDQsMTIuNjAzOTIyMyBMMTAuMjQ3NjE2NywxNS42MzM1OTc3IEwxOC4yODAyNTE4LDcuMzA1NzY0OCBaIi8+CiAgICAgICAgICAgIDwvc3ZnPg==)",
    },
    "55%": Object {
      "content": "url(data:image/svg+xml;base64,PHN2ZyB2ZXJzaW9uPSIxLjEiIHhtbG5zPSJodHRwOi8vd3d3LnczLm9yZy8yMDAwL3N2ZyIgeG1sbnM6eGxpbms9Imh0dHA6Ly93d3cudzMub3JnLzE5OTkveGxpbmsiIHg9IjBweCIgeT0iMHB4IgogICAgICAgICAgICAJIHZpZXdCb3g9IjAgMCAyNCAyNCIgc3R5bGU9ImVuYWJsZS1iYWNrZ3JvdW5kOm5ldyAwIDAgMjQgMjQ7IiB4bWw6c3BhY2U9InByZXNlcnZlIj4KICAgICAgICAgICAgPHBvbHlnb24gZmlsbD0iI2Y1ZjVmNSIgcG9pbnRzPSI1LjQsNCA0LDUuNCAxMC43LDEyLjEgNC4yLDE4LjYgNS42LDIwIDEyLjEsMTMuNSAxOC40LDE5LjggMTkuOCwxOC40IDEzLjUsMTIuMSAyMCw1LjYgMTguNiw0LjIKICAgICAgICAgICAgCTEyLjEsMTAuNyAiLz4KICAgICAgICAgICAgPC9zdmc+)",
    },
  },
  "@keyframes changeOn": Object {
    "0%": Object {
      "content": "url(data:image/svg+xml;base64,PHN2ZyB2ZXJzaW9uPSIxLjEiIHhtbG5zPSJodHRwOi8vd3d3LnczLm9yZy8yMDAwL3N2ZyIgeG1sbnM6eGxpbms9Imh0dHA6Ly93d3cudzMub3JnLzE5OTkveGxpbmsiIHg9IjBweCIgeT0iMHB4IgogICAgICAgICAgICAJIHZpZXdCb3g9IjAgMCAyNCAyNCIgc3R5bGU9ImVuYWJsZS1iYWNrZ3JvdW5kOm5ldyAwIDAgMjQgMjQ7IiB4bWw6c3BhY2U9InByZXNlcnZlIj4KICAgICAgICAgICAgPHBvbHlnb24gZmlsbD0iI2RkZGRkZCIgcG9pbnRzPSI1LjQsNCA0LDUuNCAxMC43LDEyLjEgNC4yLDE4LjYgNS42LDIwIDEyLjEsMTMuNSAxOC40LDE5LjggMTkuOCwxOC40IDEzLjUsMTIuMSAyMCw1LjYgMTguNiw0LjIKICAgICAgICAgICAgCTEyLjEsMTAuNyAiLz4KICAgICAgICAgICAgPC9zdmc+)",
    },
    "100%": Object {
      "content": "url(data:image/svg+xml;base64,PHN2ZyB2ZXJzaW9uPSIxLjEiIHhtbG5zPSJodHRwOi8vd3d3LnczLm9yZy8yMDAwL3N2ZyIgeG1sbnM6eGxpbms9Imh0dHA6Ly93d3cudzMub3JnLzE5OTkveGxpbmsiIHg9IjBweCIgeT0iMHB4IgogICAgICAgICAgICAJIHZpZXdCb3g9IjAgMCAyNCAyNCIgc3R5bGU9ImVuYWJsZS1iYWNrZ3JvdW5kOm5ldyAwIDAgMjQgMjQ7IiB4bWw6c3BhY2U9InByZXNlcnZlIj4KICAgICAgICAgICAgPHBhdGggZmlsbD0iIzA4M2NhZSIgZD0iTTE4LjI4MDI1MTgsNy4zMDU3NjQ4IEwxOS43MTk3NDgyLDguNjk0MjM1MiBMMTEuMDM4NzcyNCwxNy42OTQyMzUyIEMxMC42NzM3NTY4LDE4LjA3MjY2NSAxMC4wNzgwMzIzLAogICAgICAgICAgICAxOC4xMDM3OTczIDkuNjc1NTU5NzIsMTcuNzY1NDc2IEw1LjM1NjUzNTU2LDE0LjEzNDg3NDMgTDYuNjQzNDY0NDQsMTIuNjAzOTIyMyBMMTAuMjQ3NjE2NywxNS42MzM1OTc3IEwxOC4yODAyNTE4LDcuMzA1NzY0OCBaIi8+CiAgICAgICAgICAgIDwvc3ZnPg==)",
    },
    "50%": Object {
      "content": "url(data:image/svg+xml;base64,PHN2ZyB2ZXJzaW9uPSIxLjEiIHhtbG5zPSJodHRwOi8vd3d3LnczLm9yZy8yMDAwL3N2ZyIgeG1sbnM6eGxpbms9Imh0dHA6Ly93d3cudzMub3JnLzE5OTkveGxpbmsiIHg9IjBweCIgeT0iMHB4IgogICAgICAgICAgICAJIHZpZXdCb3g9IjAgMCAyNCAyNCIgc3R5bGU9ImVuYWJsZS1iYWNrZ3JvdW5kOm5ldyAwIDAgMjQgMjQ7IiB4bWw6c3BhY2U9InByZXNlcnZlIj4KICAgICAgICAgICAgPHBvbHlnb24gZmlsbD0iI2ZmZmZmZiIgcG9pbnRzPSI1LjQsNCA0LDUuNCAxMC43LDEyLjEgNC4yLDE4LjYgNS42LDIwIDEyLjEsMTMuNSAxOC40LDE5LjggMTkuOCwxOC40IDEzLjUsMTIuMSAyMCw1LjYgMTguNiw0LjIKICAgICAgICAgICAgCTEyLjEsMTAuNyAiLz4KICAgICAgICAgICAgPC9zdmc+)",
    },
    "55%": Object {
      "content": "url(data:image/svg+xml;base64,PHN2ZyB2ZXJzaW9uPSIxLjEiIHhtbG5zPSJodHRwOi8vd3d3LnczLm9yZy8yMDAwL3N2ZyIgeG1sbnM6eGxpbms9Imh0dHA6Ly93d3cudzMub3JnLzE5OTkveGxpbmsiIHg9IjBweCIgeT0iMHB4IgogICAgICAgICAgICAJIHZpZXdCb3g9IjAgMCAyNCAyNCIgc3R5bGU9ImVuYWJsZS1iYWNrZ3JvdW5kOm5ldyAwIDAgMjQgMjQ7IiB4bWw6c3BhY2U9InByZXNlcnZlIj4KICAgICAgICAgICAgPHBhdGggZmlsbD0iI2Y1ZjVmNSIgZD0iTTE4LjI4MDI1MTgsNy4zMDU3NjQ4IEwxOS43MTk3NDgyLDguNjk0MjM1MiBMMTEuMDM4NzcyNCwxNy42OTQyMzUyIEMxMC42NzM3NTY4LDE4LjA3MjY2NSAxMC4wNzgwMzIzLAogICAgICAgICAgICAxOC4xMDM3OTczIDkuNjc1NTU5NzIsMTcuNzY1NDc2IEw1LjM1NjUzNTU2LDE0LjEzNDg3NDMgTDYuNjQzNDY0NDQsMTIuNjAzOTIyMyBMMTAuMjQ3NjE2NywxNS42MzM1OTc3IEwxOC4yODAyNTE4LDcuMzA1NzY0OCBaIi8+CiAgICAgICAgICAgIDwvc3ZnPg==)",
    },
  },
  "cont": Object {
    "&:after": Object {
      "clear": "both",
      "content": "",
      "display": "table",
    },
    "alignItems": "start",
    "boxSizing": "border-box",
    "cursor": "pointer",
    "display": "flex",
    "outline": "0",
    "paddingBottom": 8,
    "paddingTop": 8,
  },
  "disabled": Object {
    "opacity": 0.4,
    "pointerEvents": "none",
  },
  "label": Object {
    "flex": "1",
    "float": "left",
    "marginLeft": 8,
  },
  "slider": Object {
    "&:before": Object {
      "animation": "changeOff .3s ease",
      "backgroundColor": "white",
      "borderRadius": "50%",
      "bottom": "2px",
      "content": "url(data:image/svg+xml;base64,PHN2ZyB2ZXJzaW9uPSIxLjEiIHhtbG5zPSJodHRwOi8vd3d3LnczLm9yZy8yMDAwL3N2ZyIgeG1sbnM6eGxpbms9Imh0dHA6Ly93d3cudzMub3JnLzE5OTkveGxpbmsiIHg9IjBweCIgeT0iMHB4IgogICAgICAgICAgICAJIHZpZXdCb3g9IjAgMCAyNCAyNCIgc3R5bGU9ImVuYWJsZS1iYWNrZ3JvdW5kOm5ldyAwIDAgMjQgMjQ7IiB4bWw6c3BhY2U9InByZXNlcnZlIj4KICAgICAgICAgICAgPHBvbHlnb24gZmlsbD0iI2RkZGRkZCIgcG9pbnRzPSI1LjQsNCA0LDUuNCAxMC43LDEyLjEgNC4yLDE4LjYgNS42LDIwIDEyLjEsMTMuNSAxOC40LDE5LjggMTkuOCwxOC40IDEzLjUsMTIuMSAyMCw1LjYgMTguNiw0LjIKICAgICAgICAgICAgCTEyLjEsMTAuNyAiLz4KICAgICAgICAgICAgPC9zdmc+)",
      "height": "20px",
      "left": "2px",
      "position": "absolute",
      "textAlign": "center",
      "transition": ".4s",
      "width": "20px",
    },
    "backgroundColor": "#ccc",
    "borderRadius": "34px",
    "bottom": 0,
    "cursor": "pointer",
    "left": 0,
    "position": "absolute",
    "right": 0,
    "top": 0,
    "transition": ".4s",
  },
  "sliderCkecked": Object {
    "&:before": Object {
      "animation": "changeOn .3s ease",
      "content": "url(data:image/svg+xml;base64,PHN2ZyB2ZXJzaW9uPSIxLjEiIHhtbG5zPSJodHRwOi8vd3d3LnczLm9yZy8yMDAwL3N2ZyIgeG1sbnM6eGxpbms9Imh0dHA6Ly93d3cudzMub3JnLzE5OTkveGxpbmsiIHg9IjBweCIgeT0iMHB4IgogICAgICAgICAgICAJIHZpZXdCb3g9IjAgMCAyNCAyNCIgc3R5bGU9ImVuYWJsZS1iYWNrZ3JvdW5kOm5ldyAwIDAgMjQgMjQ7IiB4bWw6c3BhY2U9InByZXNlcnZlIj4KICAgICAgICAgICAgPHBhdGggZmlsbD0iIzA4M2NhZSIgZD0iTTE4LjI4MDI1MTgsNy4zMDU3NjQ4IEwxOS43MTk3NDgyLDguNjk0MjM1MiBMMTEuMDM4NzcyNCwxNy42OTQyMzUyIEMxMC42NzM3NTY4LDE4LjA3MjY2NSAxMC4wNzgwMzIzLAogICAgICAgICAgICAxOC4xMDM3OTczIDkuNjc1NTU5NzIsMTcuNzY1NDc2IEw1LjM1NjUzNTU2LDE0LjEzNDg3NDMgTDYuNjQzNDY0NDQsMTIuNjAzOTIyMyBMMTAuMjQ3NjE2NywxNS42MzM1OTc3IEwxOC4yODAyNTE4LDcuMzA1NzY0OCBaIi8+CiAgICAgICAgICAgIDwvc3ZnPg==)",
      "transform": "translateX(14px)",
    },
    "backgroundColor": "#083cae",
  },
  "switch": Object {
    "display": "inline-block",
    "height": "24px",
    "position": "relative",
    "width": "38px",
  },
}
`;

exports[`SlideToggleJSS matches the snapshot 1`] = `
ShallowWrapper {
  Symbol(enzyme.__root__): [Circular],
  Symbol(enzyme.__unrendered__): <Jss(SlideToggle) />,
  Symbol(enzyme.__renderer__): Object {
    "batchedUpdates": [Function],
    "checkPropTypes": [Function],
    "getNode": [Function],
    "render": [Function],
    "simulateError": [Function],
    "simulateEvent": [Function],
    "unmount": [Function],
  },
  Symbol(enzyme.__node__): Object {
    "instance": null,
    "key": undefined,
    "nodeType": "class",
    "props": Object {
      "classes": Object {
        "cont": "SlideToggle-cont-0-1-39",
        "disabled": "SlideToggle-disabled-0-1-40",
        "label": "SlideToggle-label-0-1-41",
        "slider": "SlideToggle-slider-0-1-37",
        "sliderCkecked": "SlideToggle-sliderCkecked-0-1-38",
        "switch": "SlideToggle-switch-0-1-36",
      },
    },
    "ref": null,
    "rendered": null,
    "type": [Function],
  },
  Symbol(enzyme.__nodes__): Array [
    Object {
      "instance": null,
      "key": undefined,
      "nodeType": "class",
      "props": Object {
        "classes": Object {
          "cont": "SlideToggle-cont-0-1-39",
          "disabled": "SlideToggle-disabled-0-1-40",
          "label": "SlideToggle-label-0-1-41",
          "slider": "SlideToggle-slider-0-1-37",
          "sliderCkecked": "SlideToggle-sliderCkecked-0-1-38",
          "switch": "SlideToggle-switch-0-1-36",
        },
      },
      "ref": null,
      "rendered": null,
      "type": [Function],
    },
  ],
  Symbol(enzyme.__options__): Object {
    "adapter": ReactSixteenAdapter {
      "options": Object {
        "enableComponentDidUpdateOnSetState": true,
        "legacyContextMode": "parent",
        "lifecycles": Object {
          "componentDidUpdate": Object {
            "onSetState": true,
          },
          "getChildContext": Object {
            "calledByRenderer": false,
          },
          "getDerivedStateFromError": true,
          "getDerivedStateFromProps": Object {
            "hasShouldComponentUpdateBug": false,
          },
          "getSnapshotBeforeUpdate": true,
          "setState": Object {
            "skipsComponentDidUpdateOnNullish": true,
          },
        },
      },
    },
  },
  Symbol(enzyme.__childContext__): null,
}
`;
