// Jest Snapshot v1, https://goo.gl/fbAQLP

exports[`AvatarContent matches the snapshot 1`] = `
ShallowWrapper {
  Symbol(enzyme.__root__): [Circular],
  Symbol(enzyme.__unrendered__): <AvatarContent
    classes={
      Object {
        "capital": "capital",
        "cont": "cont",
        "f": "f",
        "m": "m",
        "wrap": "wrap",
      }
    }
    name="John Doe"
  />,
  Symbol(enzyme.__renderer__): Object {
    "batchedUpdates": [Function],
    "checkPropTypes": [Function],
    "getNode": [Function],
    "render": [Function],
    "simulateError": [Function],
    "simulateEvent": [Function],
    "unmount": [Function],
  },
  Symbol(enzyme.__node__): Object {
    "instance": null,
    "key": undefined,
    "nodeType": "host",
    "props": Object {
      "children": Array [
        undefined,
        <div
          className="cont capital"
          style={Object {}}
        >
          <span>
            J
            D
          </span>
        </div>,
        undefined,
      ],
      "className": "wrap",
    },
    "ref": null,
    "rendered": Array [
      undefined,
      Object {
        "instance": null,
        "key": undefined,
        "nodeType": "host",
        "props": Object {
          "children": <span>
            J
            D
          </span>,
          "className": "cont capital",
          "style": Object {},
        },
        "ref": null,
        "rendered": Object {
          "instance": null,
          "key": undefined,
          "nodeType": "host",
          "props": Object {
            "children": Array [
              "J",
              "D",
            ],
          },
          "ref": null,
          "rendered": Array [
            "J",
            "D",
          ],
          "type": "span",
        },
        "type": "div",
      },
      undefined,
    ],
    "type": "div",
  },
  Symbol(enzyme.__nodes__): Array [
    Object {
      "instance": null,
      "key": undefined,
      "nodeType": "host",
      "props": Object {
        "children": Array [
          undefined,
          <div
            className="cont capital"
            style={Object {}}
          >
            <span>
              J
              D
            </span>
          </div>,
          undefined,
        ],
        "className": "wrap",
      },
      "ref": null,
      "rendered": Array [
        undefined,
        Object {
          "instance": null,
          "key": undefined,
          "nodeType": "host",
          "props": Object {
            "children": <span>
              J
              D
            </span>,
            "className": "cont capital",
            "style": Object {},
          },
          "ref": null,
          "rendered": Object {
            "instance": null,
            "key": undefined,
            "nodeType": "host",
            "props": Object {
              "children": Array [
                "J",
                "D",
              ],
            },
            "ref": null,
            "rendered": Array [
              "J",
              "D",
            ],
            "type": "span",
          },
          "type": "div",
        },
        undefined,
      ],
      "type": "div",
    },
  ],
  Symbol(enzyme.__options__): Object {
    "adapter": ReactSixteenAdapter {
      "options": Object {
        "enableComponentDidUpdateOnSetState": true,
        "legacyContextMode": "parent",
        "lifecycles": Object {
          "componentDidUpdate": Object {
            "onSetState": true,
          },
          "getChildContext": Object {
            "calledByRenderer": false,
          },
          "getDerivedStateFromError": true,
          "getDerivedStateFromProps": Object {
            "hasShouldComponentUpdateBug": false,
          },
          "getSnapshotBeforeUpdate": true,
          "setState": Object {
            "skipsComponentDidUpdateOnNullish": true,
          },
        },
      },
    },
  },
}
`;

exports[`AvatarContent styles matches the snapshot 1`] = `
Object {
  "capital": Object {
    "background": "#dae1e5",
    "color": "#afb8c0",
    "fontFamily": "'Open Sans', sans-serif",
    "fontSize": 28,
    "fontWeight": "600",
    "lineHeight": "70px",
    "textAlign": "center",
  },
  "cont": Object {
    "borderRadius": "50%",
    "height": "100%",
    "left": "0",
    "overflow": "hidden",
    "position": "absolute",
    "top": "0",
    "width": "100%",
  },
  "f": Object {
    "background": "url(data:image/svg+xml;base64,PHN2ZyB2ZXJzaW9uPSIxLjEiIHhtbG5zPSJodHRwOi8vd3d3LnczLm9yZy8yMDAwL3N2ZyIgeG1sbnM6eGxpbms9Imh0dHA6Ly93d3cudzMub3JnLzE5OTkveGxpbmsiIHg9IjBweCIgeT0iMHB4IgogICAgICAgICAgICAJIHZpZXdCb3g9IjAgMCA3MCA3MCIgc3R5bGU9ImVuYWJsZS1iYWNrZ3JvdW5kOm5ldyAwIDAgNzAgNzA7IiB4bWw6c3BhY2U9InByZXNlcnZlIj4KICAgICAgICAgICAgPHJlY3QgeT0iMCIgZmlsbD0iI0U4RUVGOCIgd2lkdGg9IjcwIiBoZWlnaHQ9IjcwIi8+CiAgICAgICAgICAgIDxwYXRoIGZpbGw9IiNEMEQ5RUQiIGQ9Ik00OS42LDI4LjRjLTAuOCwxLTIuNywxLjktNiwzLjJjLTQuOCwyLTkuNiwwLjYtMTEuOCwwYy03LjYtMS45LTExLDQuOC04LjQsMTEuM2MwLjQsMS4xLDAuOSwyLjUsMS40LDMuOQogICAgICAgICAgICAJYy0wLjgtNS44LTAuNS0xNC41LDUuNS0xMy4xYzIuNCwwLjYsNy44LDIuMiwxMywwYzIuOS0xLjIsNS4yLTIuNyw2LjUtNGMwLDAsMCwwLDAsMGMwLjEtMC41LDAuMi0wLjksMC4zLTEuNAogICAgICAgICAgICAJQzQ5LjgsMjguNSw0OS43LDI4LjQsNDkuNiwyOC40eiIvPgogICAgICAgICAgICA8bGluZWFyR3JhZGllbnQgaWQ9IlNWR0lEXzFfIiBncmFkaWVudFVuaXRzPSJ1c2VyU3BhY2VPblVzZSIgeDE9IjMzLjMxMzUiIHkxPSI1Ny42MTI4IiB4Mj0iMzUuODEzNSIgeTI9IjY2LjM2MjgiPgogICAgICAgICAgICAJPHN0b3AgIG9mZnNldD0iMCIgc3R5bGU9InN0b3AtY29sb3I6I0MyQ0RFMiIvPgogICAgICAgICAgICAJPHN0b3AgIG9mZnNldD0iMSIgc3R5bGU9InN0b3AtY29sb3I6I0Q5RTFFRiIvPgogICAgICAgICAgICA8L2xpbmVhckdyYWRpZW50PgogICAgICAgICAgICA8cGF0aCBmaWxsPSJ1cmwoI1NWR0lEXzFfKSIgZD0iTTQzLjUsNTUuN0M0My41LDU1LjcsNDMuNSw1NS42LDQzLjUsNTUuN2MwLDAtMC4xLDAtMC4yLDAuMWMtMC44LDAuNy0xLjYsMS40LTIuNSwyLjEKICAgICAgICAgICAgCWMtMy4xLDIuNC03LjIsMi43LTEwLjUsMC45Yy0wLjUtMC4zLTAuOS0wLjUtMS4zLTAuOWMtMC44LTAuNi0xLjUtMS4yLTIuMS0xLjdjMC41LDMuNywwLjUsNy4zLTAuNCwxMC4yYy0wLjEsMC40LTAuMywwLjgtMC41LDEuMgogICAgICAgICAgICAJYzAsMC40LTAuMSwwLjgtMC4xLDEuMmMwLjIsMCwwLjMsMC4xLDAuNSwwLjFDMjksNjkuNiwzMiw3MCwzNSw3MGMzLDAsNS44LTAuNCw4LjYtMS4xYzAuMSwwLDAuMy0wLjEsMC40LTAuMQogICAgICAgICAgICAJQzQzLjQsNjQuNSw0My4yLDU4LjYsNDMuNSw1NS43eiIvPgogICAgICAgICAgICA8cGF0aCBmaWxsPSIjQkRDOERGIiBkPSJNNTUuMiw0Ny41YzEuMi00LjIsMS44LTkuNCwxLjctMTMuNmMwLTE2LjMtMTEuMi0yNS40LTIxLjUtMjUuNEMxOS42LDguNCwxMi42LDI1LjYsMTIuNSwzOQogICAgICAgICAgICAJYy0xLjEsOC45LTEuMywxOC41LDAuMSwyMi44YzAsMCwwLDAuMSwwLDAuMWMwLDAsMCwwLDAsMGMwLDAsMCwwLDAsMGMzLjcsMyw4LDUuMywxMi43LDYuN2MwLjEsMCwwLjMsMC4xLDAuNCwwLjEKICAgICAgICAgICAgCWMwLjIsMCwwLjMsMC4xLDAuNSwwLjFjMC4xLTAuOCwwLjEtMS42LDAuMi0yLjVjMS0yLjksMS02LjYsMC40LTEwLjJjMC0wLjMtMC4xLTAuNy0wLjItMWMtMC4xLTAuNC0wLjEtMC44LTAuMi0xLjIKICAgICAgICAgICAgCWMtMC41LTIuNS0xLjEtNC45LTEuOC03LjFjLTAuNS0xLjUtMC45LTIuOC0xLjQtMy45Yy0yLjUtNi41LDAuOS0xMy4zLDguNC0xMS4zYzIuMiwwLjYsNywyLDExLjgsMGMzLjMtMS40LDUuMi0yLjIsNi0zLjIKICAgICAgICAgICAgCWMwLjEsMCwwLjIsMC4xLDAuMywwLjFjLTAuMSwwLjQtMC4yLDAuOS0wLjMsMS40Yy0wLjMsMi0wLjYsNC40LTAuOCw2LjhjMS41LTEuNSwyLjQtMS42LDIuOS0wLjhjMC43LDEsMC4zLDIuMywwLDQuMwogICAgICAgICAgICAJYy0wLjEsMC44LTAuNCwzLTAuNCwzLjVjMCwxLjItMS4yLDIuMi0yLjYsMS44YzAsMC4zLDAsMC42LDAsMWMtMC4zLDIuNC0xLjMsNC42LTIuOCw2LjNjLTAuOCwxLTEuNiwyLTIuNCwyLjkKICAgICAgICAgICAgCWMtMC4xLDAuMS0wLjEsMC4xLTAuMiwwLjJjLTAuMiwzLjYtMC4xLDkuMywwLjIsMTMuMWMwLjEsMCwwLjMtMC4xLDAuNC0wLjFjNi4yLTEuNiwxMS43LTQuOSwxNi05LjNDNTYuMiw1Ni4yLDUzLjksNTIuMSw1NS4yLDQ3LjUKICAgICAgICAgICAgCXoiLz4KICAgICAgICAgICAgPGxpbmVhckdyYWRpZW50IGlkPSJTVkdJRF8yXyIgZ3JhZGllbnRVbml0cz0idXNlclNwYWNlT25Vc2UiIHgxPSI5My40Njk1IiB5MT0iMTc2LjgwNjIiIHgyPSIzNy4yMTk1IiB5Mj0iNDAuNTU2MiI+CiAgICAgICAgICAgIAk8c3RvcCAgb2Zmc2V0PSIwIiBzdHlsZT0ic3RvcC1jb2xvcjojQzdEMkU3Ii8+CiAgICAgICAgICAgIAk8c3RvcCAgb2Zmc2V0PSIxIiBzdHlsZT0ic3RvcC1jb2xvcjojRTBFN0YyIi8+CiAgICAgICAgICAgIDwvbGluZWFyR3JhZGllbnQ+CiAgICAgICAgICAgIDxwYXRoIGZpbGw9InVybCgjU1ZHSURfMl8pIiBkPSJNNTEuNywzNS45Yy0wLjUtMC44LTEuNC0wLjgtMi45LDAuOGMwLjItMi40LDAuNS00LjksMC44LTYuOGMwLDAsMCwwLDAsMGMtMS4zLDEuMy0zLjYsMi43LTYuNSw0CiAgICAgICAgICAgIAljLTUuMSwyLjItMTAuNiwwLjYtMTMsMGMtNi4xLTEuNC02LjMsNy4yLTUuNSwxMy4xYzAuNywyLjEsMS4zLDQuNiwxLjgsNy4xYzAuMSwwLjQsMC4xLDAuOCwwLjIsMS4yYzAuMSwwLjMsMC4xLDAuNywwLjIsMQogICAgICAgICAgICAJYzAuNywwLjYsMS40LDEuMSwyLjEsMS43YzAuNCwwLjMsMC45LDAuNiwxLjMsMC45YzMuMywxLjgsNy41LDEuNSwxMC41LTAuOWMwLjktMC43LDEuNy0xLjQsMi41LTIuMWMwLDAsMCwwLjEsMCwwLjEKICAgICAgICAgICAgCWMwLjEtMC4xLDAuMS0wLjEsMC4yLTAuMmMwLjktMC45LDEuNy0xLjksMi40LTIuOWMxLjUtMS43LDIuNS0zLjksMi44LTYuM2MwLTAuMywwLTAuNywwLTFjMS41LDAuNCwyLjYtMC42LDIuNi0xLjgKICAgICAgICAgICAgCWMwLTAuNSwwLjMtMi43LDAuNC0zLjVDNTIsMzguMiw1Mi4zLDM2LjksNTEuNywzNS45eiIvPgogICAgICAgICAgICA8L3N2Zz4=)",
  },
  "m": Object {
    "background": "url(data:image/svg+xml;base64,CiAgICAgICAgICAgIDxzdmcgdmVyc2lvbj0iMS4xIiB4bWxucz0iaHR0cDovL3d3dy53My5vcmcvMjAwMC9zdmciIHhtbG5zOnhsaW5rPSJodHRwOi8vd3d3LnczLm9yZy8xOTk5L3hsaW5rIiB4PSIwcHgiIHk9IjBweCIKICAgICAgICAgICAgCSB2aWV3Qm94PSIwIDAgNzAgNzAiIHN0eWxlPSJlbmFibGUtYmFja2dyb3VuZDpuZXcgMCAwIDcwIDcwOyIgeG1sOnNwYWNlPSJwcmVzZXJ2ZSI+CiAgICAgICAgICAgIDxyZWN0IHk9IjAiIGZpbGw9IiNFOEVFRjgiIHdpZHRoPSI3MCIgaGVpZ2h0PSI3MCIvPgogICAgICAgICAgICA8bGluZWFyR3JhZGllbnQgaWQ9IlNWR0lEXzFfIiBncmFkaWVudFVuaXRzPSJ1c2VyU3BhY2VPblVzZSIgeDE9Ii0zNjkuNzgxOSIgeTE9IjMzMy4yMDg4IiB4Mj0iLTM2OS4zMTIyIiB5Mj0iMzMyLjI0NTEiIGdyYWRpZW50VHJhbnNmb3JtPSJtYXRyaXgoLTMzLjAwMjQgMy40Njg3IC0zLjU1MDYgLTMzLjc4MTUgLTEwOTc2LjQwMDQgMTI1NzcuOTM4NSkiPgogICAgICAgICAgICAJPHN0b3AgIG9mZnNldD0iMCIgc3R5bGU9InN0b3AtY29sb3I6I0MyQ0RFMiIvPgogICAgICAgICAgICAJPHN0b3AgIG9mZnNldD0iMSIgc3R5bGU9InN0b3AtY29sb3I6I0Q5RTFFRiIvPgogICAgICAgICAgICA8L2xpbmVhckdyYWRpZW50PgogICAgICAgICAgICA8cGF0aCBmaWxsPSJ1cmwoI1NWR0lEXzFfKSIgZD0iTTQyLjIsNjEuMWMtMywyLjYtNy40LDIuNi0xMC40LDBjLTQuNC0zLjctNy40LTYtOS40LTguMmMwLjEsMy4yLTAuMyw5LjQtMi40LDEzLjdDMjQuNiw2OC44LDI5LjcsNzAsMzUsNzAKICAgICAgICAgICAgCWM2LDAsMTEuNi0xLjUsMTYuNS00LjJjLTEtMi42LTEuNC03LjctMS41LTExLjhDNDguMyw1Niw0NS43LDU4LjEsNDIuMiw2MS4xeiIvPgogICAgICAgICAgICA8bGluZWFyR3JhZGllbnQgaWQ9IlNWR0lEXzJfIiBncmFkaWVudFVuaXRzPSJ1c2VyU3BhY2VPblVzZSIgeDE9Ijc5LjM3MDUiIHkxPSIxODQuODE5MiIgeDI9IjM2LjkwMjkiIHkyPSI0My4zNDY1Ij4KICAgICAgICAgICAgCTxzdG9wICBvZmZzZXQ9IjAiIHN0eWxlPSJzdG9wLWNvbG9yOiNDN0QyRTciLz4KICAgICAgICAgICAgCTxzdG9wICBvZmZzZXQ9IjEiIHN0eWxlPSJzdG9wLWNvbG9yOiNFMEU3RjIiLz4KICAgICAgICAgICAgPC9saW5lYXJHcmFkaWVudD4KICAgICAgICAgICAgPHBhdGggZmlsbD0idXJsKCNTVkdJRF8yXykiIGQ9Ik01Mi41LDQ0LjJjLTEuNS0wLjItMS40LTIuMS0xLjItNC42YzAuMS0xLjgsMC0zLDAuMy00YzAsMC0wLjEsMC0wLjEsMC4xYy0yLjMsMS40LTEuNS00LjgtMi05LjQKICAgICAgICAgICAgCWMtMC4xLTEuMS0wLjItMy4xLTAuOC01LjNjMC0wLjEtMC4xLTAuMi0wLjEtMC4zYy0wLjMtMS0wLjYtMi0xLTIuOWMwLDAuNS0wLjIsMC42LTAuMi0wLjJjMC0wLjktMi4zLDEzLjMtMTguOCwxMy4zCiAgICAgICAgICAgIAljLTEuOSwwLTMuOS0wLjItNS44LTAuNWMwLjEsNC42LDAsMTAuMS0xLjcsNi44Yy0wLjMtMC42LTAuNS0xLTAuNy0xLjJjMC4zLDEsMC4yLDIuMSwwLjMsMy44YzAuMSwyLjQsMC4yLDQuMy0xLjIsNC42CiAgICAgICAgICAgIAljLTAuMSwwLTAuMSwwLTAuMiwwYzAuMSwyLjcsMC40LDQuOCwwLjksNS44YzAuNSwxLDEuMiwxLjksMi4xLDIuOWMyLDIuMSw1LDQuNSw5LjQsOC4yYzMsMi42LDcuNCwyLjYsMTAuNCwwCiAgICAgICAgICAgIAljMy41LTIuOSw2LjEtNS4xLDcuOC03YzEuNC0xLjYsMi4xLTMsMi4xLTQuNWMwLTAuMiwwLjQtMy4xLDAuNy01LjRDNTIuNyw0NC4yLDUyLjYsNDQuMiw1Mi41LDQ0LjJ6Ii8+CiAgICAgICAgICAgIDxwYXRoIGZpbGw9IiNEMEQ5RUQiIGQ9Ik0yNi43LDI4LjljLTEuMywwLTIuNS0wLjEtMy44LTAuMmMwLDAuNSwwLDEsMCwxLjVjMS45LDAuMywzLjgsMC41LDUuOCwwLjVjMTYuNSwwLDE4LjgtMTQuMiwxOC44LTEzLjMKICAgICAgICAgICAgCWMwLDAuOCwwLjIsMC43LDAuMiwwLjJjLTAuMS0wLjMtMC4zLTAuNS0wLjQtMC44QzQ2LjcsMTYsNDQuNiwyOC45LDI2LjcsMjguOXoiLz4KICAgICAgICAgICAgPHBhdGggZmlsbD0iI0Q5RTFFRiIgZD0iTTU1LjUsMzNjLTAuMS0wLjMtMC4zLTAuNS0wLjUtMC42Yy0wLjUtMC4zLTEuMiwwLjMtMS44LDFjLTAuNCwwLjQtMC43LDAuOS0xLDEuMmMtMC4zLDAuMy0wLjQsMC42LTAuNiwxCiAgICAgICAgICAgIAljLTAuNCwxLTAuMiwyLjItMC4zLDRjLTAuMSwyLjQtMC4yLDQuMywxLjIsNC42YzAuMSwwLDAuMiwwLDAuMywwYzEuMywwLDIuMi0xLjIsMi4yLTNDNTUuMSwzOS4zLDU2LjMsMzQuNyw1NS41LDMzeiIvPgogICAgICAgICAgICA8cGF0aCBmaWxsPSIjQkRDOERGIiBkPSJNNTUuMSwyMS4yYy0wLjMtMi40LTEuNS00LjgtMy42LTYuOGMtMC4xLTAuMS0xLjktMC41LTIuNC0wLjRjLTAuMS0wLjUtMC43LTEuOS0xLjEtMi4xCiAgICAgICAgICAgIAljLTIuNC0xLjMtNS41LTIuMi05LjItMi42QzM3LjMsOSwzNS43LDguOSwzNCw5LjJjLTUuNywxLTksOC4zLTEzLjcsOS45Yy00LjcsMS42LTQuMywxLjItNC4zLDUuNWMwLDEuMywwLjcsMi4yLDEuOCwyLjcKICAgICAgICAgICAgCWMwLDEuNCwwLjEsMywwLjIsNC40YzAsMC4yLDAuMSwwLjUsMC4xLDAuOGMwLjQsMC4zLDAuOCwwLjcsMS4yLDEuMmMwLjIsMC4zLDAuNCwwLjYsMC42LDAuOGMwLjMsMC40LDAuNSwwLjgsMC42LDEuMgogICAgICAgICAgICAJYzAuMiwwLjIsMC40LDAuNiwwLjcsMS4yYzEuNiwzLjIsMS43LTIuMywxLjctNi44YzAtMC41LDAtMSwwLTEuNWMxLjMsMC4xLDIuNSwwLjIsMy44LDAuMmMxNy45LDAsMjAtMTIuOSwyMC41LTEyLjEKICAgICAgICAgICAgCWMwLjEsMC4zLDAuMywwLjUsMC40LDAuOGMwLjQsMC45LDAuOCwxLjksMSwyLjljMCwwLjEsMC4xLDAuMiwwLjEsMC4zYzAuNSwyLjIsMC43LDQuMiwwLjgsNS4zYzAuNCw0LjctMC4zLDEwLjgsMiw5LjQKICAgICAgICAgICAgCWMwLDAsMC4xLDAsMC4xLTAuMWMwLjEtMC4zLDAuMy0wLjcsMC42LTFjMC4zLTAuNCwwLjctMC44LDEtMS4yYzAuNi0wLjcsMS4zLTEuMywxLjgtMUM1NS4zLDI5LDU1LjUsMjQuNCw1NS4xLDIxLjJ6Ii8+CiAgICAgICAgICAgIDxwYXRoIGZpbGw9IiNERUU1RjEiIGQ9Ik0yMC44LDM5LjZjLTAuMS0xLjcsMC0yLjgtMC4zLTMuOGMtMC4xLTAuNC0wLjMtMC44LTAuNi0xLjJjLTAuMi0wLjItMC40LTAuNS0wLjYtMC44CiAgICAgICAgICAgIAljLTAuNC0wLjUtMC44LTAuOS0xLjItMS4yYy0wLjYtMC40LTEuMS0wLjUtMS41LDAuNGMtMC44LDEuNywwLjQsNi4zLDAuNCw4LjNjMC4xLDEuOCwxLDMuMSwyLjQsM2MwLjEsMCwwLjEsMCwwLjIsMAogICAgICAgICAgICAJQzIxLjEsNDMuOSwyMC45LDQyLDIwLjgsMzkuNnoiLz4KICAgICAgICAgICAgPC9zdmc+)",
  },
  "wrap": Object {
    "height": "100%",
    "position": "relative",
    "width": "100%",
  },
}
`;

exports[`AvatarContentJSS matches the snapshot 1`] = `
ShallowWrapper {
  Symbol(enzyme.__root__): [Circular],
  Symbol(enzyme.__unrendered__): <Jss(AvatarContent)
    name="John Doe"
  />,
  Symbol(enzyme.__renderer__): Object {
    "batchedUpdates": [Function],
    "checkPropTypes": [Function],
    "getNode": [Function],
    "render": [Function],
    "simulateError": [Function],
    "simulateEvent": [Function],
    "unmount": [Function],
  },
  Symbol(enzyme.__node__): Object {
    "instance": null,
    "key": undefined,
    "nodeType": "function",
    "props": Object {
      "classes": Object {
        "capital": "AvatarContent-capital-0-1-5",
        "cont": "AvatarContent-cont-0-1-2",
        "f": "AvatarContent-f-0-1-4",
        "m": "AvatarContent-m-0-1-3",
        "wrap": "AvatarContent-wrap-0-1-1",
      },
      "name": "John Doe",
    },
    "ref": null,
    "rendered": null,
    "type": [Function],
  },
  Symbol(enzyme.__nodes__): Array [
    Object {
      "instance": null,
      "key": undefined,
      "nodeType": "function",
      "props": Object {
        "classes": Object {
          "capital": "AvatarContent-capital-0-1-5",
          "cont": "AvatarContent-cont-0-1-2",
          "f": "AvatarContent-f-0-1-4",
          "m": "AvatarContent-m-0-1-3",
          "wrap": "AvatarContent-wrap-0-1-1",
        },
        "name": "John Doe",
      },
      "ref": null,
      "rendered": null,
      "type": [Function],
    },
  ],
  Symbol(enzyme.__options__): Object {
    "adapter": ReactSixteenAdapter {
      "options": Object {
        "enableComponentDidUpdateOnSetState": true,
        "legacyContextMode": "parent",
        "lifecycles": Object {
          "componentDidUpdate": Object {
            "onSetState": true,
          },
          "getChildContext": Object {
            "calledByRenderer": false,
          },
          "getDerivedStateFromError": true,
          "getDerivedStateFromProps": Object {
            "hasShouldComponentUpdateBug": false,
          },
          "getSnapshotBeforeUpdate": true,
          "setState": Object {
            "skipsComponentDidUpdateOnNullish": true,
          },
        },
      },
    },
  },
  Symbol(enzyme.__childContext__): null,
}
`;
