// Jest Snapshot v1, https://goo.gl/fbAQLP

exports[`Input matches the snapshot 1`] = `
ShallowWrapper {
  "length": 1,
  Symbol(enzyme.__root__): [Circular],
  Symbol(enzyme.__unrendered__): <Input
    autoFocus={false}
    classes={
      Object {
        "clear": "clear",
        "complete": "complete",
        "container": "container",
        "correct": "correct",
        "counter": "counter",
        "default": "default",
        "disabled": "disabled",
        "error": "error",
        "expanded": "expanded",
        "focus": "focus",
        "hasClear": "hasClear",
        "hasIcon": "hasIcon",
        "icon": "icon",
        "input": "input",
        "inputWrap": "inputWrap",
        "label": "label",
        "left": "left",
        "placeholder": "placeholder",
        "push": "push",
        "pushHolder": "pushHolder",
        "select": "select",
        "textarea": "textarea",
      }
    }
    clear={false}
    counter={false}
    disabled={false}
    maxLength={100}
    selectOnFocus={false}
    type="text"
    valueProp=""
  />,
  Symbol(enzyme.__renderer__): Object {
    "batchedUpdates": [Function],
    "getNode": [Function],
    "render": [Function],
    "simulateEvent": [Function],
    "unmount": [Function],
  },
  Symbol(enzyme.__node__): Object {
    "instance": null,
    "key": undefined,
    "nodeType": "host",
    "props": Object {
      "children": Array [
        undefined,
        undefined,
        undefined,
        false,
        <div
          className="inputWrap"
        >
          <input
            autoFocus={false}
            className="input"
            id={undefined}
            maxLength={100}
            name={undefined}
            onBlur={[Function]}
            onChange={[Function]}
            onFocus={[Function]}
            placeholder=""
            type="text"
            value=""
          />
        </div>,
        "",
        undefined,
      ],
      "className": "container default undefined",
      "style": undefined,
    },
    "ref": null,
    "rendered": Array [
      undefined,
      undefined,
      undefined,
      false,
      Object {
        "instance": null,
        "key": undefined,
        "nodeType": "host",
        "props": Object {
          "children": <input
            autoFocus={false}
            className="input"
            id={undefined}
            maxLength={100}
            name={undefined}
            onBlur={[Function]}
            onChange={[Function]}
            onFocus={[Function]}
            placeholder=""
            type="text"
            value=""
          />,
          "className": "inputWrap",
        },
        "ref": null,
        "rendered": Object {
          "instance": null,
          "key": undefined,
          "nodeType": "host",
          "props": Object {
            "autoFocus": false,
            "className": "input",
            "id": undefined,
            "maxLength": 100,
            "name": undefined,
            "onBlur": [Function],
            "onChange": [Function],
            "onFocus": [Function],
            "placeholder": "",
            "type": "text",
            "value": "",
          },
          "ref": [Function],
          "rendered": null,
          "type": "input",
        },
        "type": "div",
      },
      "",
      undefined,
    ],
    "type": "div",
  },
  Symbol(enzyme.__nodes__): Array [
    Object {
      "instance": null,
      "key": undefined,
      "nodeType": "host",
      "props": Object {
        "children": Array [
          undefined,
          undefined,
          undefined,
          false,
          <div
            className="inputWrap"
          >
            <input
              autoFocus={false}
              className="input"
              id={undefined}
              maxLength={100}
              name={undefined}
              onBlur={[Function]}
              onChange={[Function]}
              onFocus={[Function]}
              placeholder=""
              type="text"
              value=""
            />
          </div>,
          "",
          undefined,
        ],
        "className": "container default undefined",
        "style": undefined,
      },
      "ref": null,
      "rendered": Array [
        undefined,
        undefined,
        undefined,
        false,
        Object {
          "instance": null,
          "key": undefined,
          "nodeType": "host",
          "props": Object {
            "children": <input
              autoFocus={false}
              className="input"
              id={undefined}
              maxLength={100}
              name={undefined}
              onBlur={[Function]}
              onChange={[Function]}
              onFocus={[Function]}
              placeholder=""
              type="text"
              value=""
            />,
            "className": "inputWrap",
          },
          "ref": null,
          "rendered": Object {
            "instance": null,
            "key": undefined,
            "nodeType": "host",
            "props": Object {
              "autoFocus": false,
              "className": "input",
              "id": undefined,
              "maxLength": 100,
              "name": undefined,
              "onBlur": [Function],
              "onChange": [Function],
              "onFocus": [Function],
              "placeholder": "",
              "type": "text",
              "value": "",
            },
            "ref": [Function],
            "rendered": null,
            "type": "input",
          },
          "type": "div",
        },
        "",
        undefined,
      ],
      "type": "div",
    },
  ],
  Symbol(enzyme.__options__): Object {
    "adapter": ReactSixteenAdapter {
      "options": Object {
        "enableComponentDidUpdateOnSetState": true,
      },
    },
  },
}
`;

exports[`InputJSS matches the snapshot 1`] = `
ShallowWrapper {
  "length": 1,
  Symbol(enzyme.__root__): [Circular],
  Symbol(enzyme.__unrendered__): <Jss(Input)
    autoFocus={false}
    clear={false}
    counter={false}
    disabled={false}
    maxLength={100}
    selectOnFocus={false}
    type="text"
    valueProp=""
  />,
  Symbol(enzyme.__renderer__): Object {
    "batchedUpdates": [Function],
    "getNode": [Function],
    "render": [Function],
    "simulateEvent": [Function],
    "unmount": [Function],
  },
  Symbol(enzyme.__node__): Object {
    "instance": null,
    "key": undefined,
    "nodeType": "class",
    "props": Object {
      "autoFocus": false,
      "classes": Object {
        "clear": "Input-clear-0-1-22",
        "complete": "Input-complete-0-1-5",
        "container": "Input-container-0-1-1",
        "correct": "Input-correct-0-1-6",
        "counter": "Input-counter-0-1-11",
        "default": "Input-default-0-1-2",
        "disabled": "Input-disabled-0-1-3",
        "error": "Input-error-0-1-7",
        "expanded": "Input-expanded-0-1-18",
        "focus": "Input-focus-0-1-4",
        "hasClear": "Input-hasClear-0-1-21",
        "hasIcon": "Input-hasIcon-0-1-19",
        "icon": "Input-icon-0-1-20",
        "input": "Input-input-0-1-15",
        "inputWrap": "Input-inputWrap-0-1-14",
        "label": "Input-label-0-1-8",
        "left": "Input-left-0-1-9",
        "placeholder": "Input-placeholder-0-1-12",
        "push": "Input-push-0-1-10",
        "pushHolder": "Input-pushHolder-0-1-13",
        "select": "Input-select-0-1-17",
        "textarea": "Input-textarea-0-1-16",
      },
      "clear": false,
      "counter": false,
      "disabled": false,
      "maxLength": 100,
      "selectOnFocus": false,
      "type": "text",
      "valueProp": "",
    },
    "ref": null,
    "rendered": null,
    "type": [Function],
  },
  Symbol(enzyme.__nodes__): Array [
    Object {
      "instance": null,
      "key": undefined,
      "nodeType": "class",
      "props": Object {
        "autoFocus": false,
        "classes": Object {
          "clear": "Input-clear-0-1-22",
          "complete": "Input-complete-0-1-5",
          "container": "Input-container-0-1-1",
          "correct": "Input-correct-0-1-6",
          "counter": "Input-counter-0-1-11",
          "default": "Input-default-0-1-2",
          "disabled": "Input-disabled-0-1-3",
          "error": "Input-error-0-1-7",
          "expanded": "Input-expanded-0-1-18",
          "focus": "Input-focus-0-1-4",
          "hasClear": "Input-hasClear-0-1-21",
          "hasIcon": "Input-hasIcon-0-1-19",
          "icon": "Input-icon-0-1-20",
          "input": "Input-input-0-1-15",
          "inputWrap": "Input-inputWrap-0-1-14",
          "label": "Input-label-0-1-8",
          "left": "Input-left-0-1-9",
          "placeholder": "Input-placeholder-0-1-12",
          "push": "Input-push-0-1-10",
          "pushHolder": "Input-pushHolder-0-1-13",
          "select": "Input-select-0-1-17",
          "textarea": "Input-textarea-0-1-16",
        },
        "clear": false,
        "counter": false,
        "disabled": false,
        "maxLength": 100,
        "selectOnFocus": false,
        "type": "text",
        "valueProp": "",
      },
      "ref": null,
      "rendered": null,
      "type": [Function],
    },
  ],
  Symbol(enzyme.__options__): Object {
    "adapter": ReactSixteenAdapter {
      "options": Object {
        "enableComponentDidUpdateOnSetState": true,
      },
    },
  },
}
`;
