// Jest Snapshot v1, https://goo.gl/fbAQLP

exports[`Button matches the snapshot 1`] = `
ShallowWrapper {
  "length": 1,
  Symbol(enzyme.__root__): [Circular],
  Symbol(enzyme.__unrendered__): <Button
    block={false}
    classes={
      Object {
        "@keyframes rotate": "@keyframes rotate",
        "block": "block",
        "blue": "blue",
        "btn": "btn",
        "cont": "cont",
        "disabled": "disabled",
        "flat": "flat",
        "icon": "icon",
        "lg": "lg",
        "loadCont": "loadCont",
        "loadIcon": "loadIcon",
        "loading": "loading",
        "main": "main",
        "md": "md",
        "secondary": "secondary",
        "white": "white",
      }
    }
    disabled={false}
    size="sm"
    theme="main"
  >
    Button
  </Button>,
  Symbol(enzyme.__renderer__): Object {
    "batchedUpdates": [Function],
    "getNode": [Function],
    "render": [Function],
    "simulateEvent": [Function],
    "unmount": [Function],
  },
  Symbol(enzyme.__node__): Object {
    "instance": null,
    "key": undefined,
    "nodeType": "host",
    "props": Object {
      "children": Array [
        <span
          className="cont"
        >
          
          Button
        </span>,
        undefined,
      ],
      "className": "btn main",
      "id": undefined,
      "onClick": undefined,
      "style": undefined,
    },
    "ref": null,
    "rendered": Array [
      Object {
        "instance": null,
        "key": undefined,
        "nodeType": "host",
        "props": Object {
          "children": Array [
            "",
            "Button",
          ],
          "className": "cont",
        },
        "ref": null,
        "rendered": Array [
          "",
          "Button",
        ],
        "type": "span",
      },
      undefined,
    ],
    "type": "button",
  },
  Symbol(enzyme.__nodes__): Array [
    Object {
      "instance": null,
      "key": undefined,
      "nodeType": "host",
      "props": Object {
        "children": Array [
          <span
            className="cont"
          >
            
            Button
          </span>,
          undefined,
        ],
        "className": "btn main",
        "id": undefined,
        "onClick": undefined,
        "style": undefined,
      },
      "ref": null,
      "rendered": Array [
        Object {
          "instance": null,
          "key": undefined,
          "nodeType": "host",
          "props": Object {
            "children": Array [
              "",
              "Button",
            ],
            "className": "cont",
          },
          "ref": null,
          "rendered": Array [
            "",
            "Button",
          ],
          "type": "span",
        },
        undefined,
      ],
      "type": "button",
    },
  ],
  Symbol(enzyme.__options__): Object {
    "adapter": ReactSixteenAdapter {
      "options": Object {
        "enableComponentDidUpdateOnSetState": true,
      },
    },
  },
}
`;

exports[`Button styles matches the snapshot 1`] = `
Object {
  "@keyframes rotate": Object {
    "from": Object {
      "transform": "rotate(0deg)",
    },
    "to": Object {
      "transform": "rotate(360deg)",
    },
  },
  "block": Object {
    "display": "block",
    "width": "100%",
  },
  "blue": Object {
    "& i": Object {
      "background": [Function],
    },
    "&$disabled": Object {
      "background": "#bfbfbf !important",
      "border": "1px solid #bfbfbf !important",
      "color": "#ffffff !important",
    },
    "&$loading": Object {
      "background": "#0051bb",
      "borderColor": "#0051bb",
    },
    "&:active": Object {
      "background": "#0051bb",
      "borderColor": "#0051bb",
      "color": "#ffffff",
    },
    "&:hover": Object {
      "background": "#0960d3",
      "borderColor": "#0960d3",
      "color": "#ffffff",
    },
    "background": "#1476fb",
    "border": "1px solid #1476fb",
    "color": "#ffffff",
  },
  "btn": Object {
    "&:focus": Object {
      "outline": "none",
    },
    "&:hover": Object {
      "textDecoration": "none",
    },
    "alignItems": "flex-start",
    "borderRadius": "5px",
    "boxSizing": "border-box",
    "cursor": "pointer",
    "display": "inline-block",
    "fontFamily": "'Open Sans', sans-serif",
    "fontSize": "14px",
    "fontWeight": "600",
    "height": "30px",
    "lineHeight": "24px",
    "marginBottom": "0",
    "maxWidth": "100%",
    "padding": "0 30px",
    "position": "relative",
    "textAlign": "center",
    "textDecoration": "none",
    "touchAction": "manipulation",
    "transition": "0.3s all",
    "userSelect": "none",
    "verticalAlign": "middle",
    "whiteSpace": "nowrap",
  },
  "cont": Object {
    "alignItems": "center",
    "display": "flex",
    "height": "100%",
    "justifyContent": "center",
    "width": "100%",
  },
  "disabled": Object {
    "& i": Object {
      "background": [Function],
    },
    "&:hover, &:active, &:focus": Object {
      "background": "#bfbfbf",
      "border": "1px solid #bfbfbf",
      "color": "#ffffff",
    },
    "background": "#bfbfbf",
    "border": "1px solid #bfbfbf",
    "color": "#ffffff",
    "cursor": "default",
    "pointerEvents": "none",
  },
  "flat": Object {
    "& $loadIcon": Object {
      "background": "url(data:image/svg+xml;base64,PHN2ZyB2ZXJzaW9uPSIxLjEiIHhtbG5zPSJodHRwOi8vd3d3LnczLm9yZy8yMDAwL3N2ZyIgeG1sbnM6eGxpbms9Imh0dHA6Ly93d3cudzMub3JnLzE5OTkveGxpbmsiIHg9IjBweCIgeT0iMHB4IgogICAgICAgICAgICAJIHZpZXdCb3g9IjAgMCAyNCAyNCIgc3R5bGU9ImVuYWJsZS1iYWNrZ3JvdW5kOm5ldyAwIDAgMjQgMjQ7IiB4bWw6c3BhY2U9InByZXNlcnZlIj4KICAgICAgICAgICAgPHN0eWxlIHR5cGU9InRleHQvY3NzIj4KICAgICAgICAgICAgCS5zdDB7ZmlsbDp1cmwoI1NWR0lEXzFfKTt9CiAgICAgICAgICAgIDwvc3R5bGU+CiAgICAgICAgICAgIDxsaW5lYXJHcmFkaWVudCBpZD0iU1ZHSURfMV8iIGdyYWRpZW50VW5pdHM9InVzZXJTcGFjZU9uVXNlIiB4MT0iMjEiIHkxPSIxMiIgeDI9IjMiIHkyPSIxMiI+CiAgICAgICAgICAgIAk8c3RvcCAgb2Zmc2V0PSIwLjE3NzgiIHN0eWxlPSJzdG9wLWNvbG9yOiNmZjQ1NmE7c3RvcC1vcGFjaXR5OjAiLz4KICAgICAgICAgICAgCTxzdG9wICBvZmZzZXQ9IjAuMjI3MSIgc3R5bGU9InN0b3AtY29sb3I6I2ZmNDU2YTtzdG9wLW9wYWNpdHk6MC4xIi8+CiAgICAgICAgICAgIAk8c3RvcCAgb2Zmc2V0PSIwLjMxNTciIHN0eWxlPSJzdG9wLWNvbG9yOiNmZjQ1NmE7c3RvcC1vcGFjaXR5OjAuNCIvPgogICAgICAgICAgICAJPHN0b3AgIG9mZnNldD0iMC40NTI1IiBzdHlsZT0ic3RvcC1jb2xvcjojZmY0NTZhO3N0b3Atb3BhY2l0eTowLjciLz4KICAgICAgICAgICAgCTxzdG9wICBvZmZzZXQ9IjAuNTU0NiIgc3R5bGU9InN0b3AtY29sb3I6I2ZmNDU2YSIvPgogICAgICAgICAgICAJPHN0b3AgIG9mZnNldD0iMC45Mjc4IiBzdHlsZT0ic3RvcC1jb2xvcjojZmY0NTZhIi8+CiAgICAgICAgICAgIDwvbGluZWFyR3JhZGllbnQ+CiAgICAgICAgICAgIDxwYXRoIGNsYXNzPSJzdDAiIGQ9Ik0xOS4xLDEyYzAuMSw0LTMuMSw3LjItNy4xLDcuMlM0LjgsMTYsNC44LDEyUzgsNC44LDEyLDQuOFYzYy01LDAtOSw0LTksOXM0LDksOSw5czktNCw5LTlIMTkuMXoiLz4KICAgICAgICAgICAgPC9zdmc+) no-repeat center center",
    },
    "& i": Object {
      "background": [Function],
    },
    "&$disabled": Object {
      "& $loadIcon": Object {
        "background": "url(data:image/svg+xml;base64,PHN2ZyB2ZXJzaW9uPSIxLjEiIHhtbG5zPSJodHRwOi8vd3d3LnczLm9yZy8yMDAwL3N2ZyIgeG1sbnM6eGxpbms9Imh0dHA6Ly93d3cudzMub3JnLzE5OTkveGxpbmsiIHg9IjBweCIgeT0iMHB4IgogICAgICAgICAgICAJIHZpZXdCb3g9IjAgMCAyNCAyNCIgc3R5bGU9ImVuYWJsZS1iYWNrZ3JvdW5kOm5ldyAwIDAgMjQgMjQ7IiB4bWw6c3BhY2U9InByZXNlcnZlIj4KICAgICAgICAgICAgPHN0eWxlIHR5cGU9InRleHQvY3NzIj4KICAgICAgICAgICAgCS5zdDB7ZmlsbDp1cmwoI1NWR0lEXzFfKTt9CiAgICAgICAgICAgIDwvc3R5bGU+CiAgICAgICAgICAgIDxsaW5lYXJHcmFkaWVudCBpZD0iU1ZHSURfMV8iIGdyYWRpZW50VW5pdHM9InVzZXJTcGFjZU9uVXNlIiB4MT0iMjEiIHkxPSIxMiIgeDI9IjMiIHkyPSIxMiI+CiAgICAgICAgICAgIAk8c3RvcCAgb2Zmc2V0PSIwLjE3NzgiIHN0eWxlPSJzdG9wLWNvbG9yOiNiZmJmYmY7c3RvcC1vcGFjaXR5OjAiLz4KICAgICAgICAgICAgCTxzdG9wICBvZmZzZXQ9IjAuMjI3MSIgc3R5bGU9InN0b3AtY29sb3I6I2JmYmZiZjtzdG9wLW9wYWNpdHk6MC4xIi8+CiAgICAgICAgICAgIAk8c3RvcCAgb2Zmc2V0PSIwLjMxNTciIHN0eWxlPSJzdG9wLWNvbG9yOiNiZmJmYmY7c3RvcC1vcGFjaXR5OjAuNCIvPgogICAgICAgICAgICAJPHN0b3AgIG9mZnNldD0iMC40NTI1IiBzdHlsZT0ic3RvcC1jb2xvcjojYmZiZmJmO3N0b3Atb3BhY2l0eTowLjciLz4KICAgICAgICAgICAgCTxzdG9wICBvZmZzZXQ9IjAuNTU0NiIgc3R5bGU9InN0b3AtY29sb3I6I2JmYmZiZiIvPgogICAgICAgICAgICAJPHN0b3AgIG9mZnNldD0iMC45Mjc4IiBzdHlsZT0ic3RvcC1jb2xvcjojYmZiZmJmIi8+CiAgICAgICAgICAgIDwvbGluZWFyR3JhZGllbnQ+CiAgICAgICAgICAgIDxwYXRoIGNsYXNzPSJzdDAiIGQ9Ik0xOS4xLDEyYzAuMSw0LTMuMSw3LjItNy4xLDcuMlM0LjgsMTYsNC44LDEyUzgsNC44LDEyLDQuOFYzYy01LDAtOSw0LTksOXM0LDksOSw5czktNCw5LTlIMTkuMXoiLz4KICAgICAgICAgICAgPC9zdmc+) no-repeat center center",
      },
      "& i": Object {
        "background": [Function],
      },
      "background": "transparent !important",
      "border": "1px solid transparent !important",
      "color": "#bfbfbf !important",
    },
    "&$loading": Object {
      "background": "#ffffff",
      "borderColor": "#ffffff",
    },
    "&:active": Object {
      "background": "#e0e0e0",
      "borderColor": "#e0e0e0",
      "color": "#ff456a",
    },
    "&:hover": Object {
      "background": "#ebebeb",
      "borderColor": "#ebebeb",
      "color": "#ff456a",
    },
    "background": "transparent",
    "border": "1px solid transparent",
    "color": "#ff456a",
  },
  "icon": Object {
    "display": "inline-block",
    "height": "24px",
    "transition": "0.3s all",
    "width": "24px",
  },
  "lg": Object {
    "& i": Object {
      "height": "32px",
      "width": "32px",
    },
    "fontSize": "18px",
    "height": "46px",
    "lineHeight": "32px",
  },
  "loadCont": Object {
    "alignItems": "center",
    "display": "flex",
    "height": "100%",
    "justifyContent": "center",
    "left": "0",
    "position": "absolute",
    "top": "0",
    "width": "100%",
  },
  "loadIcon": Object {
    "animation": "rotate 1s infinite linear",
    "background": "url(data:image/svg+xml;base64,PHN2ZyB2ZXJzaW9uPSIxLjEiIHhtbG5zPSJodHRwOi8vd3d3LnczLm9yZy8yMDAwL3N2ZyIgeG1sbnM6eGxpbms9Imh0dHA6Ly93d3cudzMub3JnLzE5OTkveGxpbmsiIHg9IjBweCIgeT0iMHB4IgogICAgICAgICAgICAJIHZpZXdCb3g9IjAgMCAyNCAyNCIgc3R5bGU9ImVuYWJsZS1iYWNrZ3JvdW5kOm5ldyAwIDAgMjQgMjQ7IiB4bWw6c3BhY2U9InByZXNlcnZlIj4KICAgICAgICAgICAgPHN0eWxlIHR5cGU9InRleHQvY3NzIj4KICAgICAgICAgICAgCS5zdDB7ZmlsbDp1cmwoI1NWR0lEXzFfKTt9CiAgICAgICAgICAgIDwvc3R5bGU+CiAgICAgICAgICAgIDxsaW5lYXJHcmFkaWVudCBpZD0iU1ZHSURfMV8iIGdyYWRpZW50VW5pdHM9InVzZXJTcGFjZU9uVXNlIiB4MT0iMjEiIHkxPSIxMiIgeDI9IjMiIHkyPSIxMiI+CiAgICAgICAgICAgIAk8c3RvcCAgb2Zmc2V0PSIwLjE3NzgiIHN0eWxlPSJzdG9wLWNvbG9yOiNmZmZmZmY7c3RvcC1vcGFjaXR5OjAiLz4KICAgICAgICAgICAgCTxzdG9wICBvZmZzZXQ9IjAuMjI3MSIgc3R5bGU9InN0b3AtY29sb3I6I2ZmZmZmZjtzdG9wLW9wYWNpdHk6MC4xIi8+CiAgICAgICAgICAgIAk8c3RvcCAgb2Zmc2V0PSIwLjMxNTciIHN0eWxlPSJzdG9wLWNvbG9yOiNmZmZmZmY7c3RvcC1vcGFjaXR5OjAuNCIvPgogICAgICAgICAgICAJPHN0b3AgIG9mZnNldD0iMC40NTI1IiBzdHlsZT0ic3RvcC1jb2xvcjojZmZmZmZmO3N0b3Atb3BhY2l0eTowLjciLz4KICAgICAgICAgICAgCTxzdG9wICBvZmZzZXQ9IjAuNTU0NiIgc3R5bGU9InN0b3AtY29sb3I6I2ZmZmZmZiIvPgogICAgICAgICAgICAJPHN0b3AgIG9mZnNldD0iMC45Mjc4IiBzdHlsZT0ic3RvcC1jb2xvcjojZmZmZmZmIi8+CiAgICAgICAgICAgIDwvbGluZWFyR3JhZGllbnQ+CiAgICAgICAgICAgIDxwYXRoIGNsYXNzPSJzdDAiIGQ9Ik0xOS4xLDEyYzAuMSw0LTMuMSw3LjItNy4xLDcuMlM0LjgsMTYsNC44LDEyUzgsNC44LDEyLDQuOFYzYy01LDAtOSw0LTksOXM0LDksOSw5czktNCw5LTlIMTkuMXoiLz4KICAgICAgICAgICAgPC9zdmc+) no-repeat center center",
    "display": "inline-block",
    "height": "24px",
    "transition": "0.3s all",
    "width": "24px",
  },
  "loading": Object {
    "& $cont": Object {
      "visibility": "hidden",
    },
    "pointerEvents": "none",
  },
  "main": Object {
    "& i": Object {
      "background": [Function],
    },
    "&$disabled": Object {
      "background": "#bfbfbf !important",
      "border": "1px solid #bfbfbf !important",
      "color": "#ffffff !important",
    },
    "&$loading": Object {
      "background": "#b81453",
      "borderColor": "#b81453",
    },
    "&:active": Object {
      "background": "#b81453",
      "borderColor": "#b81453",
      "color": "#ffffff",
    },
    "&:hover": Object {
      "background": "#cc1f62",
      "borderColor": "#cc1f62",
      "color": "#ffffff",
    },
    "background": "#ff456a",
    "border": "1px solid #ff456a",
    "color": "#ffffff",
  },
  "md": Object {
    "& i": Object {
      "height": "28px",
      "width": "28px",
    },
    "fontSize": "16px",
    "height": "40px",
    "lineHeight": "28px",
  },
  "secondary": Object {
    "& i": Object {
      "background": [Function],
    },
    "&$disabled": Object {
      "background": "#bfbfbf !important",
      "border": "1px solid #bfbfbf !important",
      "color": "#ffffff !important",
    },
    "&$loading": Object {
      "background": "#b81453",
      "borderColor": "#b81453",
    },
    "&:active": Object {
      "& i": Object {
        "background": [Function],
      },
      "background": "#b81453",
      "borderColor": "#b81453",
      "color": "#ffffff",
    },
    "&:hover": Object {
      "& i": Object {
        "background": [Function],
      },
      "background": "#cc1f62",
      "borderColor": "#cc1f62",
      "color": "#ffffff",
    },
    "background": "transparent",
    "border": "1px solid #ff456a",
    "color": "#ff456a",
  },
  "white": Object {
    "& i": Object {
      "background": [Function],
    },
    "&$disabled": Object {
      "& i": Object {
        "background": [Function],
      },
      "background": "transparent !important",
      "border": "1px solid rgba(255,255,255,0.6) !important",
      "color": "rgba(255,255,255,0.6) !important",
    },
    "&$loading": Object {
      "background": "rgba(255,255,255,0.2)",
      "borderColor": "#ffffff",
    },
    "&:active": Object {
      "& i": Object {
        "background": [Function],
      },
      "background": "rgba(255,255,255,0.2)",
      "borderColor": "#ffffff",
      "color": "#ffffff",
    },
    "&:hover": Object {
      "& i": Object {
        "background": [Function],
      },
      "background": "rgba(255,255,255,0.2)",
      "borderColor": "#ffffff",
      "color": "#ffffff",
    },
    "background": "transparent",
    "border": "1px solid #ffffff",
    "color": "#ffffff",
  },
}
`;

exports[`ButtonJSS matches the snapshot 1`] = `
ShallowWrapper {
  "length": 1,
  Symbol(enzyme.__root__): [Circular],
  Symbol(enzyme.__unrendered__): <Jss(Button)
    block={false}
    disabled={false}
    size="sm"
    theme="main"
  />,
  Symbol(enzyme.__renderer__): Object {
    "batchedUpdates": [Function],
    "getNode": [Function],
    "render": [Function],
    "simulateEvent": [Function],
    "unmount": [Function],
  },
  Symbol(enzyme.__node__): Object {
    "instance": null,
    "key": undefined,
    "nodeType": "class",
    "props": Object {
      "block": false,
      "classes": Object {
        "block": "Button-block-0-1-28 Button-block-0-1-13",
        "blue": "Button-blue-0-1-20 Button-blue-0-1-8",
        "btn": "Button-btn-0-1-22 Button-btn-0-1-1",
        "cont": "Button-cont-0-1-23 Button-cont-0-1-2",
        "disabled": "Button-disabled-0-1-21 Button-disabled-0-1-10",
        "flat": "Button-flat-0-1-19 Button-flat-0-1-7",
        "icon": "Button-icon-0-1-29 Button-icon-0-1-14",
        "lg": "Button-lg-0-1-27 Button-lg-0-1-12",
        "loadCont": "Button-loadCont-0-1-24 Button-loadCont-0-1-3",
        "loadIcon": "Button-loadIcon-0-1-30 Button-loadIcon-0-1-15",
        "loading": "Button-loading-0-1-25 Button-loading-0-1-9",
        "main": "Button-main-0-1-16 Button-main-0-1-4",
        "md": "Button-md-0-1-26 Button-md-0-1-11",
        "secondary": "Button-secondary-0-1-17 Button-secondary-0-1-5",
        "white": "Button-white-0-1-18 Button-white-0-1-6",
      },
      "disabled": false,
      "size": "sm",
      "theme": "main",
    },
    "ref": null,
    "rendered": null,
    "type": [Function],
  },
  Symbol(enzyme.__nodes__): Array [
    Object {
      "instance": null,
      "key": undefined,
      "nodeType": "class",
      "props": Object {
        "block": false,
        "classes": Object {
          "block": "Button-block-0-1-28 Button-block-0-1-13",
          "blue": "Button-blue-0-1-20 Button-blue-0-1-8",
          "btn": "Button-btn-0-1-22 Button-btn-0-1-1",
          "cont": "Button-cont-0-1-23 Button-cont-0-1-2",
          "disabled": "Button-disabled-0-1-21 Button-disabled-0-1-10",
          "flat": "Button-flat-0-1-19 Button-flat-0-1-7",
          "icon": "Button-icon-0-1-29 Button-icon-0-1-14",
          "lg": "Button-lg-0-1-27 Button-lg-0-1-12",
          "loadCont": "Button-loadCont-0-1-24 Button-loadCont-0-1-3",
          "loadIcon": "Button-loadIcon-0-1-30 Button-loadIcon-0-1-15",
          "loading": "Button-loading-0-1-25 Button-loading-0-1-9",
          "main": "Button-main-0-1-16 Button-main-0-1-4",
          "md": "Button-md-0-1-26 Button-md-0-1-11",
          "secondary": "Button-secondary-0-1-17 Button-secondary-0-1-5",
          "white": "Button-white-0-1-18 Button-white-0-1-6",
        },
        "disabled": false,
        "size": "sm",
        "theme": "main",
      },
      "ref": null,
      "rendered": null,
      "type": [Function],
    },
  ],
  Symbol(enzyme.__options__): Object {
    "adapter": ReactSixteenAdapter {
      "options": Object {
        "enableComponentDidUpdateOnSetState": true,
      },
    },
  },
}
`;
