// Jest Snapshot v1, https://goo.gl/fbAQLP

exports[`Header matches the snapshot 1`] = `
ShallowWrapper {
  "length": 1,
  Symbol(enzyme.__root__): [Circular],
  Symbol(enzyme.__unrendered__): <Header
    classes={
      Object {
        "@media (max-width: 767px)": "@media (max-width: 767px)",
        "@media (min-width: 1200px)": "@media (min-width: 1200px)",
        "bubble": "bubble",
        "content": "content",
        "master": "master",
        "messages": "messages",
        "navbar": "navbar",
        "separate": "separate",
        "shadow": "shadow",
        "title": "title",
        "user": "user",
      }
    }
    config={Object {}}
  />,
  Symbol(enzyme.__renderer__): Object {
    "batchedUpdates": [Function],
    "getNode": [Function],
    "render": [Function],
    "simulateEvent": [Function],
    "unmount": [Function],
  },
  Symbol(enzyme.__node__): Object {
    "instance": null,
    "key": undefined,
    "nodeType": "host",
    "props": Object {
      "children": Array [
        <div
          className="master shadow"
        >
          <div
            className="content"
          >
            <Hidden
              xs={true}
            />
            <Visible
              xs={true}
            >
              <div
                className="title"
              />
            </Visible>
            <div
              className="user"
            >
              <a
                className="messages"
                href={undefined}
                id="div-r12-header-messages"
              >
                <i
                  className="bubble"
                />
              </a>
            </div>
            <Hidden
              xs={true}
            />
          </div>
        </div>,
        <Visible
          xs={true}
        >
          <div
            className="separate"
          >
            <Waypoint
              bottomOffset="0px"
              fireOnRapidScroll={true}
              horizontal={false}
              onEnter={[Function]}
              onLeave={[Function]}
              onPositionChange={[Function]}
              topOffset={60}
            >
              <div
                className=""
              />
            </Waypoint>
          </div>
        </Visible>,
      ],
      "className": "navbar",
      "id": "mainNav",
    },
    "ref": null,
    "rendered": Array [
      Object {
        "instance": null,
        "key": undefined,
        "nodeType": "host",
        "props": Object {
          "children": <div
            className="content"
          >
            <Hidden
              xs={true}
            />
            <Visible
              xs={true}
            >
              <div
                className="title"
              />
            </Visible>
            <div
              className="user"
            >
              <a
                className="messages"
                href={undefined}
                id="div-r12-header-messages"
              >
                <i
                  className="bubble"
                />
              </a>
            </div>
            <Hidden
              xs={true}
            />
          </div>,
          "className": "master shadow",
        },
        "ref": null,
        "rendered": Object {
          "instance": null,
          "key": undefined,
          "nodeType": "host",
          "props": Object {
            "children": Array [
              <Hidden
                xs={true}
              />,
              <Visible
                xs={true}
              >
                <div
                  className="title"
                />
              </Visible>,
              <div
                className="user"
              >
                <a
                  className="messages"
                  href={undefined}
                  id="div-r12-header-messages"
                >
                  <i
                    className="bubble"
                  />
                </a>
              </div>,
              <Hidden
                xs={true}
              />,
            ],
            "className": "content",
          },
          "ref": null,
          "rendered": Array [
            Object {
              "instance": null,
              "key": undefined,
              "nodeType": "class",
              "props": Object {
                "children": undefined,
                "xs": true,
              },
              "ref": null,
              "rendered": null,
              "type": [Function],
            },
            Object {
              "instance": null,
              "key": undefined,
              "nodeType": "class",
              "props": Object {
                "children": <div
                  className="title"
                />,
                "xs": true,
              },
              "ref": null,
              "rendered": Object {
                "instance": null,
                "key": undefined,
                "nodeType": "host",
                "props": Object {
                  "children": undefined,
                  "className": "title",
                },
                "ref": null,
                "rendered": null,
                "type": "div",
              },
              "type": [Function],
            },
            Object {
              "instance": null,
              "key": undefined,
              "nodeType": "host",
              "props": Object {
                "children": Array [
                  <a
                    className="messages"
                    href={undefined}
                    id="div-r12-header-messages"
                  >
                    <i
                      className="bubble"
                    />
                  </a>,
                  undefined,
                ],
                "className": "user",
              },
              "ref": null,
              "rendered": Array [
                Object {
                  "instance": null,
                  "key": undefined,
                  "nodeType": "host",
                  "props": Object {
                    "children": <i
                      className="bubble"
                    />,
                    "className": "messages",
                    "href": undefined,
                    "id": "div-r12-header-messages",
                  },
                  "ref": null,
                  "rendered": Object {
                    "instance": null,
                    "key": undefined,
                    "nodeType": "host",
                    "props": Object {
                      "className": "bubble",
                    },
                    "ref": null,
                    "rendered": null,
                    "type": "i",
                  },
                  "type": "a",
                },
                undefined,
              ],
              "type": "div",
            },
            Object {
              "instance": null,
              "key": undefined,
              "nodeType": "class",
              "props": Object {
                "children": undefined,
                "xs": true,
              },
              "ref": null,
              "rendered": null,
              "type": [Function],
            },
          ],
          "type": "div",
        },
        "type": "div",
      },
      Object {
        "instance": null,
        "key": undefined,
        "nodeType": "class",
        "props": Object {
          "children": <div
            className="separate"
          >
            <Waypoint
              bottomOffset="0px"
              fireOnRapidScroll={true}
              horizontal={false}
              onEnter={[Function]}
              onLeave={[Function]}
              onPositionChange={[Function]}
              topOffset={60}
            >
              <div
                className=""
              />
            </Waypoint>
          </div>,
          "xs": true,
        },
        "ref": null,
        "rendered": Object {
          "instance": null,
          "key": undefined,
          "nodeType": "host",
          "props": Object {
            "children": <Waypoint
              bottomOffset="0px"
              fireOnRapidScroll={true}
              horizontal={false}
              onEnter={[Function]}
              onLeave={[Function]}
              onPositionChange={[Function]}
              topOffset={60}
            >
              <div
                className=""
              />
            </Waypoint>,
            "className": "separate",
          },
          "ref": null,
          "rendered": Object {
            "instance": null,
            "key": undefined,
            "nodeType": "class",
            "props": Object {
              "bottomOffset": "0px",
              "children": <div
                className=""
              />,
              "fireOnRapidScroll": true,
              "horizontal": false,
              "onEnter": [Function],
              "onLeave": [Function],
              "onPositionChange": [Function],
              "topOffset": 60,
            },
            "ref": null,
            "rendered": Object {
              "instance": null,
              "key": undefined,
              "nodeType": "host",
              "props": Object {
                "children": undefined,
                "className": "",
              },
              "ref": null,
              "rendered": null,
              "type": "div",
            },
            "type": [Function],
          },
          "type": "div",
        },
        "type": [Function],
      },
    ],
    "type": "div",
  },
  Symbol(enzyme.__nodes__): Array [
    Object {
      "instance": null,
      "key": undefined,
      "nodeType": "host",
      "props": Object {
        "children": Array [
          <div
            className="master shadow"
          >
            <div
              className="content"
            >
              <Hidden
                xs={true}
              />
              <Visible
                xs={true}
              >
                <div
                  className="title"
                />
              </Visible>
              <div
                className="user"
              >
                <a
                  className="messages"
                  href={undefined}
                  id="div-r12-header-messages"
                >
                  <i
                    className="bubble"
                  />
                </a>
              </div>
              <Hidden
                xs={true}
              />
            </div>
          </div>,
          <Visible
            xs={true}
          >
            <div
              className="separate"
            >
              <Waypoint
                bottomOffset="0px"
                fireOnRapidScroll={true}
                horizontal={false}
                onEnter={[Function]}
                onLeave={[Function]}
                onPositionChange={[Function]}
                topOffset={60}
              >
                <div
                  className=""
                />
              </Waypoint>
            </div>
          </Visible>,
        ],
        "className": "navbar",
        "id": "mainNav",
      },
      "ref": null,
      "rendered": Array [
        Object {
          "instance": null,
          "key": undefined,
          "nodeType": "host",
          "props": Object {
            "children": <div
              className="content"
            >
              <Hidden
                xs={true}
              />
              <Visible
                xs={true}
              >
                <div
                  className="title"
                />
              </Visible>
              <div
                className="user"
              >
                <a
                  className="messages"
                  href={undefined}
                  id="div-r12-header-messages"
                >
                  <i
                    className="bubble"
                  />
                </a>
              </div>
              <Hidden
                xs={true}
              />
            </div>,
            "className": "master shadow",
          },
          "ref": null,
          "rendered": Object {
            "instance": null,
            "key": undefined,
            "nodeType": "host",
            "props": Object {
              "children": Array [
                <Hidden
                  xs={true}
                />,
                <Visible
                  xs={true}
                >
                  <div
                    className="title"
                  />
                </Visible>,
                <div
                  className="user"
                >
                  <a
                    className="messages"
                    href={undefined}
                    id="div-r12-header-messages"
                  >
                    <i
                      className="bubble"
                    />
                  </a>
                </div>,
                <Hidden
                  xs={true}
                />,
              ],
              "className": "content",
            },
            "ref": null,
            "rendered": Array [
              Object {
                "instance": null,
                "key": undefined,
                "nodeType": "class",
                "props": Object {
                  "children": undefined,
                  "xs": true,
                },
                "ref": null,
                "rendered": null,
                "type": [Function],
              },
              Object {
                "instance": null,
                "key": undefined,
                "nodeType": "class",
                "props": Object {
                  "children": <div
                    className="title"
                  />,
                  "xs": true,
                },
                "ref": null,
                "rendered": Object {
                  "instance": null,
                  "key": undefined,
                  "nodeType": "host",
                  "props": Object {
                    "children": undefined,
                    "className": "title",
                  },
                  "ref": null,
                  "rendered": null,
                  "type": "div",
                },
                "type": [Function],
              },
              Object {
                "instance": null,
                "key": undefined,
                "nodeType": "host",
                "props": Object {
                  "children": Array [
                    <a
                      className="messages"
                      href={undefined}
                      id="div-r12-header-messages"
                    >
                      <i
                        className="bubble"
                      />
                    </a>,
                    undefined,
                  ],
                  "className": "user",
                },
                "ref": null,
                "rendered": Array [
                  Object {
                    "instance": null,
                    "key": undefined,
                    "nodeType": "host",
                    "props": Object {
                      "children": <i
                        className="bubble"
                      />,
                      "className": "messages",
                      "href": undefined,
                      "id": "div-r12-header-messages",
                    },
                    "ref": null,
                    "rendered": Object {
                      "instance": null,
                      "key": undefined,
                      "nodeType": "host",
                      "props": Object {
                        "className": "bubble",
                      },
                      "ref": null,
                      "rendered": null,
                      "type": "i",
                    },
                    "type": "a",
                  },
                  undefined,
                ],
                "type": "div",
              },
              Object {
                "instance": null,
                "key": undefined,
                "nodeType": "class",
                "props": Object {
                  "children": undefined,
                  "xs": true,
                },
                "ref": null,
                "rendered": null,
                "type": [Function],
              },
            ],
            "type": "div",
          },
          "type": "div",
        },
        Object {
          "instance": null,
          "key": undefined,
          "nodeType": "class",
          "props": Object {
            "children": <div
              className="separate"
            >
              <Waypoint
                bottomOffset="0px"
                fireOnRapidScroll={true}
                horizontal={false}
                onEnter={[Function]}
                onLeave={[Function]}
                onPositionChange={[Function]}
                topOffset={60}
              >
                <div
                  className=""
                />
              </Waypoint>
            </div>,
            "xs": true,
          },
          "ref": null,
          "rendered": Object {
            "instance": null,
            "key": undefined,
            "nodeType": "host",
            "props": Object {
              "children": <Waypoint
                bottomOffset="0px"
                fireOnRapidScroll={true}
                horizontal={false}
                onEnter={[Function]}
                onLeave={[Function]}
                onPositionChange={[Function]}
                topOffset={60}
              >
                <div
                  className=""
                />
              </Waypoint>,
              "className": "separate",
            },
            "ref": null,
            "rendered": Object {
              "instance": null,
              "key": undefined,
              "nodeType": "class",
              "props": Object {
                "bottomOffset": "0px",
                "children": <div
                  className=""
                />,
                "fireOnRapidScroll": true,
                "horizontal": false,
                "onEnter": [Function],
                "onLeave": [Function],
                "onPositionChange": [Function],
                "topOffset": 60,
              },
              "ref": null,
              "rendered": Object {
                "instance": null,
                "key": undefined,
                "nodeType": "host",
                "props": Object {
                  "children": undefined,
                  "className": "",
                },
                "ref": null,
                "rendered": null,
                "type": "div",
              },
              "type": [Function],
            },
            "type": "div",
          },
          "type": [Function],
        },
      ],
      "type": "div",
    },
  ],
  Symbol(enzyme.__options__): Object {
    "adapter": ReactSixteenAdapter {
      "options": Object {
        "enableComponentDidUpdateOnSetState": true,
      },
    },
  },
}
`;

exports[`HeaderJSS matches the snapshot 1`] = `
ShallowWrapper {
  "length": 1,
  Symbol(enzyme.__root__): [Circular],
  Symbol(enzyme.__unrendered__): <Jss(Header)
    config={Object {}}
  />,
  Symbol(enzyme.__renderer__): Object {
    "batchedUpdates": [Function],
    "getNode": [Function],
    "render": [Function],
    "simulateEvent": [Function],
    "unmount": [Function],
  },
  Symbol(enzyme.__node__): Object {
    "instance": null,
    "key": undefined,
    "nodeType": "class",
    "props": Object {
      "classes": Object {
        "bubble": "Header-bubble-0-1-8",
        "content": "Header-content-0-1-4",
        "master": "Header-master-0-1-3",
        "messages": "Header-messages-0-1-7",
        "navbar": "Header-navbar-0-1-1",
        "separate": "Header-separate-0-1-9",
        "shadow": "Header-shadow-0-1-2",
        "title": "Header-title-0-1-5",
        "user": "Header-user-0-1-6",
      },
      "config": Object {},
    },
    "ref": null,
    "rendered": null,
    "type": [Function],
  },
  Symbol(enzyme.__nodes__): Array [
    Object {
      "instance": null,
      "key": undefined,
      "nodeType": "class",
      "props": Object {
        "classes": Object {
          "bubble": "Header-bubble-0-1-8",
          "content": "Header-content-0-1-4",
          "master": "Header-master-0-1-3",
          "messages": "Header-messages-0-1-7",
          "navbar": "Header-navbar-0-1-1",
          "separate": "Header-separate-0-1-9",
          "shadow": "Header-shadow-0-1-2",
          "title": "Header-title-0-1-5",
          "user": "Header-user-0-1-6",
        },
        "config": Object {},
      },
      "ref": null,
      "rendered": null,
      "type": [Function],
    },
  ],
  Symbol(enzyme.__options__): Object {
    "adapter": ReactSixteenAdapter {
      "options": Object {
        "enableComponentDidUpdateOnSetState": true,
      },
    },
  },
}
`;
