// Jest Snapshot v1, https://goo.gl/fbAQLP

exports[`Button matches the snapshot 1`] = `
ShallowWrapper {
  "length": 1,
  Symbol(enzyme.__root__): [Circular],
  Symbol(enzyme.__unrendered__): <Button
    block={false}
    classes={
      Object {
        "@keyframes rotate": "@keyframes rotate",
        "block": "block",
        "blue": "blue",
        "btn": "btn",
        "cont": "cont",
        "disabled": "disabled",
        "flat": "flat",
        "icon": "icon",
        "lg": "lg",
        "loadCont": "loadCont",
        "loadIcon": "loadIcon",
        "loading": "loading",
        "main": "main",
        "md": "md",
        "secondary": "secondary",
      }
    }
    disabled={false}
    theme="main"
  >
    Button
  </Button>,
  Symbol(enzyme.__renderer__): Object {
    "batchedUpdates": [Function],
    "getNode": [Function],
    "render": [Function],
    "simulateEvent": [Function],
    "unmount": [Function],
  },
  Symbol(enzyme.__node__): Object {
    "instance": null,
    "key": undefined,
    "nodeType": "host",
    "props": Object {
      "children": Array [
        <span
          className="cont"
        >
          
          Button
        </span>,
        undefined,
      ],
      "className": "btn main",
      "id": undefined,
      "onClick": undefined,
      "style": undefined,
    },
    "ref": null,
    "rendered": Array [
      Object {
        "instance": null,
        "key": undefined,
        "nodeType": "host",
        "props": Object {
          "children": Array [
            "",
            "Button",
          ],
          "className": "cont",
        },
        "ref": null,
        "rendered": Array [
          "",
          "Button",
        ],
        "type": "span",
      },
      undefined,
    ],
    "type": "button",
  },
  Symbol(enzyme.__nodes__): Array [
    Object {
      "instance": null,
      "key": undefined,
      "nodeType": "host",
      "props": Object {
        "children": Array [
          <span
            className="cont"
          >
            
            Button
          </span>,
          undefined,
        ],
        "className": "btn main",
        "id": undefined,
        "onClick": undefined,
        "style": undefined,
      },
      "ref": null,
      "rendered": Array [
        Object {
          "instance": null,
          "key": undefined,
          "nodeType": "host",
          "props": Object {
            "children": Array [
              "",
              "Button",
            ],
            "className": "cont",
          },
          "ref": null,
          "rendered": Array [
            "",
            "Button",
          ],
          "type": "span",
        },
        undefined,
      ],
      "type": "button",
    },
  ],
  Symbol(enzyme.__options__): Object {
    "adapter": ReactSixteenAdapter {
      "options": Object {
        "enableComponentDidUpdateOnSetState": true,
      },
    },
  },
}
`;

exports[`ButtonJSS matches the snapshot 1`] = `
ShallowWrapper {
  "length": 1,
  Symbol(enzyme.__root__): [Circular],
  Symbol(enzyme.__unrendered__): <Jss(Button)
    block={false}
    disabled={false}
    theme="main"
  />,
  Symbol(enzyme.__renderer__): Object {
    "batchedUpdates": [Function],
    "getNode": [Function],
    "render": [Function],
    "simulateEvent": [Function],
    "unmount": [Function],
  },
  Symbol(enzyme.__node__): Object {
    "instance": null,
    "key": undefined,
    "nodeType": "class",
    "props": Object {
      "block": false,
      "classes": Object {
        "block": "Button-block-0-1-26 Button-block-0-1-12",
        "blue": "Button-blue-0-1-18 Button-blue-0-1-7",
        "btn": "Button-btn-0-1-20 Button-btn-0-1-1",
        "cont": "Button-cont-0-1-21 Button-cont-0-1-2",
        "disabled": "Button-disabled-0-1-19 Button-disabled-0-1-9",
        "flat": "Button-flat-0-1-17 Button-flat-0-1-6",
        "icon": "Button-icon-0-1-27 Button-icon-0-1-13",
        "lg": "Button-lg-0-1-25 Button-lg-0-1-11",
        "loadCont": "Button-loadCont-0-1-22 Button-loadCont-0-1-3",
        "loadIcon": "Button-loadIcon-0-1-28 Button-loadIcon-0-1-14",
        "loading": "Button-loading-0-1-23 Button-loading-0-1-8",
        "main": "Button-main-0-1-15 Button-main-0-1-4",
        "md": "Button-md-0-1-24 Button-md-0-1-10",
        "secondary": "Button-secondary-0-1-16 Button-secondary-0-1-5",
      },
      "disabled": false,
      "theme": "main",
    },
    "ref": null,
    "rendered": null,
    "type": [Function],
  },
  Symbol(enzyme.__nodes__): Array [
    Object {
      "instance": null,
      "key": undefined,
      "nodeType": "class",
      "props": Object {
        "block": false,
        "classes": Object {
          "block": "Button-block-0-1-26 Button-block-0-1-12",
          "blue": "Button-blue-0-1-18 Button-blue-0-1-7",
          "btn": "Button-btn-0-1-20 Button-btn-0-1-1",
          "cont": "Button-cont-0-1-21 Button-cont-0-1-2",
          "disabled": "Button-disabled-0-1-19 Button-disabled-0-1-9",
          "flat": "Button-flat-0-1-17 Button-flat-0-1-6",
          "icon": "Button-icon-0-1-27 Button-icon-0-1-13",
          "lg": "Button-lg-0-1-25 Button-lg-0-1-11",
          "loadCont": "Button-loadCont-0-1-22 Button-loadCont-0-1-3",
          "loadIcon": "Button-loadIcon-0-1-28 Button-loadIcon-0-1-14",
          "loading": "Button-loading-0-1-23 Button-loading-0-1-8",
          "main": "Button-main-0-1-15 Button-main-0-1-4",
          "md": "Button-md-0-1-24 Button-md-0-1-10",
          "secondary": "Button-secondary-0-1-16 Button-secondary-0-1-5",
        },
        "disabled": false,
        "theme": "main",
      },
      "ref": null,
      "rendered": null,
      "type": [Function],
    },
  ],
  Symbol(enzyme.__options__): Object {
    "adapter": ReactSixteenAdapter {
      "options": Object {
        "enableComponentDidUpdateOnSetState": true,
      },
    },
  },
}
`;
