// Jest Snapshot v1, https://goo.gl/fbAQLP

exports[`TextField matches the snapshot 1`] = `
ShallowWrapper {
  "length": 1,
  Symbol(enzyme.__root__): [Circular],
  Symbol(enzyme.__unrendered__): <TextField
    autoFocus={false}
    classes={
      Object {
        "assistiveText": "assistiveText",
        "bottom": "bottom",
        "clear": "clear",
        "container": "container",
        "counter": "counter",
        "default": "default",
        "disabled": "disabled",
        "error": "error",
        "errorAssistiveText": "errorAssistiveText",
        "errorIcon": "errorIcon",
        "focus": "focus",
        "hasClear": "hasClear",
        "hasIcon": "hasIcon",
        "hasPass": "hasPass",
        "icon": "icon",
        "input": "input",
        "inputWrap": "inputWrap",
        "label": "label",
        "left": "left",
        "passIcon": "passIcon",
        "right": "right",
        "textarea": "textarea",
        "top": "top",
      }
    }
    clear={false}
    counter={false}
    disabled={false}
    maxLength={100}
    selectOnFocus={false}
    type="text"
    valueProp=""
  />,
  Symbol(enzyme.__renderer__): Object {
    "batchedUpdates": [Function],
    "getNode": [Function],
    "render": [Function],
    "simulateEvent": [Function],
    "unmount": [Function],
  },
  Symbol(enzyme.__node__): Object {
    "instance": null,
    "key": undefined,
    "nodeType": "host",
    "props": Object {
      "children": Array [
        undefined,
        <div
          className="inputWrap"
        >
          
          <input
            autoFocus={false}
            className="input"
            id={undefined}
            maxLength={100}
            name={undefined}
            onBlur={[Function]}
            onChange={[Function]}
            onFocus={[Function]}
            onKeyUp={[Function]}
            placeholder={undefined}
            type="text"
            value=""
          />
        </div>,
        undefined,
      ],
      "className": "container default",
      "style": undefined,
    },
    "ref": null,
    "rendered": Array [
      undefined,
      Object {
        "instance": null,
        "key": undefined,
        "nodeType": "host",
        "props": Object {
          "children": Array [
            undefined,
            false,
            "",
            <input
              autoFocus={false}
              className="input"
              id={undefined}
              maxLength={100}
              name={undefined}
              onBlur={[Function]}
              onChange={[Function]}
              onFocus={[Function]}
              onKeyUp={[Function]}
              placeholder={undefined}
              type="text"
              value=""
            />,
          ],
          "className": "inputWrap",
        },
        "ref": null,
        "rendered": Array [
          undefined,
          false,
          "",
          Object {
            "instance": null,
            "key": undefined,
            "nodeType": "host",
            "props": Object {
              "autoFocus": false,
              "className": "input",
              "id": undefined,
              "maxLength": 100,
              "name": undefined,
              "onBlur": [Function],
              "onChange": [Function],
              "onFocus": [Function],
              "onKeyUp": [Function],
              "placeholder": undefined,
              "type": "text",
              "value": "",
            },
            "ref": [Function],
            "rendered": null,
            "type": "input",
          },
        ],
        "type": "div",
      },
      undefined,
    ],
    "type": "div",
  },
  Symbol(enzyme.__nodes__): Array [
    Object {
      "instance": null,
      "key": undefined,
      "nodeType": "host",
      "props": Object {
        "children": Array [
          undefined,
          <div
            className="inputWrap"
          >
            
            <input
              autoFocus={false}
              className="input"
              id={undefined}
              maxLength={100}
              name={undefined}
              onBlur={[Function]}
              onChange={[Function]}
              onFocus={[Function]}
              onKeyUp={[Function]}
              placeholder={undefined}
              type="text"
              value=""
            />
          </div>,
          undefined,
        ],
        "className": "container default",
        "style": undefined,
      },
      "ref": null,
      "rendered": Array [
        undefined,
        Object {
          "instance": null,
          "key": undefined,
          "nodeType": "host",
          "props": Object {
            "children": Array [
              undefined,
              false,
              "",
              <input
                autoFocus={false}
                className="input"
                id={undefined}
                maxLength={100}
                name={undefined}
                onBlur={[Function]}
                onChange={[Function]}
                onFocus={[Function]}
                onKeyUp={[Function]}
                placeholder={undefined}
                type="text"
                value=""
              />,
            ],
            "className": "inputWrap",
          },
          "ref": null,
          "rendered": Array [
            undefined,
            false,
            "",
            Object {
              "instance": null,
              "key": undefined,
              "nodeType": "host",
              "props": Object {
                "autoFocus": false,
                "className": "input",
                "id": undefined,
                "maxLength": 100,
                "name": undefined,
                "onBlur": [Function],
                "onChange": [Function],
                "onFocus": [Function],
                "onKeyUp": [Function],
                "placeholder": undefined,
                "type": "text",
                "value": "",
              },
              "ref": [Function],
              "rendered": null,
              "type": "input",
            },
          ],
          "type": "div",
        },
        undefined,
      ],
      "type": "div",
    },
  ],
  Symbol(enzyme.__options__): Object {
    "adapter": ReactSixteenAdapter {
      "options": Object {
        "enableComponentDidUpdateOnSetState": true,
      },
    },
  },
}
`;

exports[`TextField styles matches the snapshot 1`] = `
Object {
  "assistiveText": Object {
    "color": "#aaaaaa",
  },
  "bottom": Object {
    "height": 20,
    "marginTop": 4,
  },
  "clear": Object {
    "background": "none",
    "border": 0,
    "cursor": "pointer",
    "height": 24,
    "margin": 0,
    "outline": 0,
    "padding": 0,
    "position": "absolute",
    "right": 12,
    "top": 8,
    "width": 24,
    "zIndex": 1,
  },
  "container": Object {
    "marginBottom": 8,
    "position": "relative",
  },
  "counter": Object {},
  "default": Object {},
  "disabled": Object {
    "& $input": Object {
      "borderColor": "#dddddd",
      "color": "#dddddd",
    },
    "& $label": Object {
      "color": "#dddddd",
    },
    "& $passIcon": Object {
      "cursor": "auto",
    },
  },
  "error": Object {
    "& $input": Object {
      "background": "rgba(254, 74, 73, 0.04)",
      "borderColor": "#fe4a49",
      "color": "#fe4a49",
    },
  },
  "errorAssistiveText": Object {
    "color": "#fe4a49",
  },
  "errorIcon": Object {
    "marginBottom": -2,
  },
  "focus": Object {
    "& $input": Object {
      "borderColor": "#083cae",
    },
  },
  "hasClear": Object {
    "paddingRight": 42,
  },
  "hasIcon": Object {
    "paddingLeft": 42,
  },
  "hasPass": Object {
    "paddingRight": 42,
  },
  "icon": Object {
    "left": 12,
    "position": "absolute",
    "top": 8,
  },
  "input": Object {
    "&::placeholder": Object {
      "color": "#aaaaaa",
    },
    "alignItems": "center",
    "background": "#ffffff",
    "border": "1px solid #dddddd",
    "borderRadius": 4,
    "boxSizing": "border-box",
    "caretColor": "#083cae",
    "color": "#222222",
    "display": "flex",
    "fontFamily": "'Open Sans', sans-serif",
    "fontSize": 14,
    "fontWeight": "normal",
    "height": 40,
    "lineHeight": "24px",
    "outline": "none",
    "padding": "8px 16px",
    "transition": "0.3s all",
    "width": "100%",
  },
  "inputWrap": Object {
    "boxSizing": "border-box",
    "position": "relative",
  },
  "label": Object {
    "color": "#222222",
    "fontFamily": "'Open Sans', sans-serif",
    "fontSize": 12,
    "lineHeight": "20px",
    "transition": "0.3s all",
  },
  "left": Object {
    "float": "left",
  },
  "passIcon": Object {
    "background": "none",
    "border": 0,
    "cursor": "pointer",
    "height": 18,
    "margin": 0,
    "outline": 0,
    "padding": 0,
    "position": "absolute",
    "right": 16,
    "top": 11,
    "width": 18,
    "zIndex": 1,
  },
  "right": Object {
    "float": "right",
  },
  "textarea": Object {
    "height": 72,
    "resize": "none",
  },
  "top": Object {
    "&:after": Object {
      "clear": "both",
      "content": "\\"\\"",
    },
    "height": 24,
  },
}
`;

exports[`TextFieldJSS matches the snapshot 1`] = `
ShallowWrapper {
  "length": 1,
  Symbol(enzyme.__root__): [Circular],
  Symbol(enzyme.__unrendered__): <Jss(TextField)
    autoFocus={false}
    clear={false}
    counter={false}
    disabled={false}
    maxLength={100}
    selectOnFocus={false}
    type="text"
    valueProp=""
  />,
  Symbol(enzyme.__renderer__): Object {
    "batchedUpdates": [Function],
    "getNode": [Function],
    "render": [Function],
    "simulateEvent": [Function],
    "unmount": [Function],
  },
  Symbol(enzyme.__node__): Object {
    "instance": null,
    "key": undefined,
    "nodeType": "class",
    "props": Object {
      "autoFocus": false,
      "classes": Object {
        "assistiveText": "TextField-assistiveText-0-1-20",
        "bottom": "TextField-bottom-0-1-23",
        "clear": "TextField-clear-0-1-19",
        "container": "TextField-container-0-1-1",
        "counter": "TextField-counter-0-1-10",
        "default": "TextField-default-0-1-3",
        "disabled": "TextField-disabled-0-1-4",
        "error": "TextField-error-0-1-6",
        "errorAssistiveText": "TextField-errorAssistiveText-0-1-21",
        "errorIcon": "TextField-errorIcon-0-1-22",
        "focus": "TextField-focus-0-1-5",
        "hasClear": "TextField-hasClear-0-1-18",
        "hasIcon": "TextField-hasIcon-0-1-14",
        "hasPass": "TextField-hasPass-0-1-15",
        "icon": "TextField-icon-0-1-16",
        "input": "TextField-input-0-1-12",
        "inputWrap": "TextField-inputWrap-0-1-11",
        "label": "TextField-label-0-1-7",
        "left": "TextField-left-0-1-8",
        "passIcon": "TextField-passIcon-0-1-17",
        "right": "TextField-right-0-1-9",
        "textarea": "TextField-textarea-0-1-13",
        "top": "TextField-top-0-1-2",
      },
      "clear": false,
      "counter": false,
      "disabled": false,
      "maxLength": 100,
      "selectOnFocus": false,
      "type": "text",
      "valueProp": "",
    },
    "ref": null,
    "rendered": null,
    "type": [Function],
  },
  Symbol(enzyme.__nodes__): Array [
    Object {
      "instance": null,
      "key": undefined,
      "nodeType": "class",
      "props": Object {
        "autoFocus": false,
        "classes": Object {
          "assistiveText": "TextField-assistiveText-0-1-20",
          "bottom": "TextField-bottom-0-1-23",
          "clear": "TextField-clear-0-1-19",
          "container": "TextField-container-0-1-1",
          "counter": "TextField-counter-0-1-10",
          "default": "TextField-default-0-1-3",
          "disabled": "TextField-disabled-0-1-4",
          "error": "TextField-error-0-1-6",
          "errorAssistiveText": "TextField-errorAssistiveText-0-1-21",
          "errorIcon": "TextField-errorIcon-0-1-22",
          "focus": "TextField-focus-0-1-5",
          "hasClear": "TextField-hasClear-0-1-18",
          "hasIcon": "TextField-hasIcon-0-1-14",
          "hasPass": "TextField-hasPass-0-1-15",
          "icon": "TextField-icon-0-1-16",
          "input": "TextField-input-0-1-12",
          "inputWrap": "TextField-inputWrap-0-1-11",
          "label": "TextField-label-0-1-7",
          "left": "TextField-left-0-1-8",
          "passIcon": "TextField-passIcon-0-1-17",
          "right": "TextField-right-0-1-9",
          "textarea": "TextField-textarea-0-1-13",
          "top": "TextField-top-0-1-2",
        },
        "clear": false,
        "counter": false,
        "disabled": false,
        "maxLength": 100,
        "selectOnFocus": false,
        "type": "text",
        "valueProp": "",
      },
      "ref": null,
      "rendered": null,
      "type": [Function],
    },
  ],
  Symbol(enzyme.__options__): Object {
    "adapter": ReactSixteenAdapter {
      "options": Object {
        "enableComponentDidUpdateOnSetState": true,
      },
    },
  },
}
`;
