// Jest Snapshot v1, https://goo.gl/fbAQLP

exports[`Column matches the snapshot 1`] = `
ShallowWrapper {
  "length": 1,
  Symbol(enzyme.__root__): [Circular],
  Symbol(enzyme.__unrendered__): <Column
    classes={
      Object {
        "@media (min-width: 1200px)": "@media (min-width: 1200px)",
        "@media (min-width: 768px)": "@media (min-width: 768px)",
        "@media (min-width: 992px)": "@media (min-width: 992px)",
        "col": "col",
        "offset-xs1": "offset-xs1",
        "offset-xs10": "offset-xs10",
        "offset-xs11": "offset-xs11",
        "offset-xs12": "offset-xs12",
        "offset-xs2": "offset-xs2",
        "offset-xs3": "offset-xs3",
        "offset-xs4": "offset-xs4",
        "offset-xs5": "offset-xs5",
        "offset-xs6": "offset-xs6",
        "offset-xs7": "offset-xs7",
        "offset-xs8": "offset-xs8",
        "offset-xs9": "offset-xs9",
        "pull-xs1": "pull-xs1",
        "pull-xs10": "pull-xs10",
        "pull-xs11": "pull-xs11",
        "pull-xs12": "pull-xs12",
        "pull-xs2": "pull-xs2",
        "pull-xs3": "pull-xs3",
        "pull-xs4": "pull-xs4",
        "pull-xs5": "pull-xs5",
        "pull-xs6": "pull-xs6",
        "pull-xs7": "pull-xs7",
        "pull-xs8": "pull-xs8",
        "pull-xs9": "pull-xs9",
        "push-xs1": "push-xs1",
        "push-xs10": "push-xs10",
        "push-xs11": "push-xs11",
        "push-xs12": "push-xs12",
        "push-xs2": "push-xs2",
        "push-xs3": "push-xs3",
        "push-xs4": "push-xs4",
        "push-xs5": "push-xs5",
        "push-xs6": "push-xs6",
        "push-xs7": "push-xs7",
        "push-xs8": "push-xs8",
        "push-xs9": "push-xs9",
        "xs1": "xs1",
        "xs10": "xs10",
        "xs11": "xs11",
        "xs12": "xs12",
        "xs2": "xs2",
        "xs3": "xs3",
        "xs4": "xs4",
        "xs5": "xs5",
        "xs6": "xs6",
        "xs7": "xs7",
        "xs8": "xs8",
        "xs9": "xs9",
      }
    }
    xs={
      Object {
        "col": 12,
      }
    }
  />,
  Symbol(enzyme.__renderer__): Object {
    "batchedUpdates": [Function],
    "getNode": [Function],
    "render": [Function],
    "simulateEvent": [Function],
    "unmount": [Function],
  },
  Symbol(enzyme.__node__): Object {
    "instance": null,
    "key": undefined,
    "nodeType": "host",
    "props": Object {
      "children": undefined,
      "className": "col xs12",
      "id": undefined,
      "style": undefined,
    },
    "ref": null,
    "rendered": null,
    "type": "div",
  },
  Symbol(enzyme.__nodes__): Array [
    Object {
      "instance": null,
      "key": undefined,
      "nodeType": "host",
      "props": Object {
        "children": undefined,
        "className": "col xs12",
        "id": undefined,
        "style": undefined,
      },
      "ref": null,
      "rendered": null,
      "type": "div",
    },
  ],
  Symbol(enzyme.__options__): Object {
    "adapter": ReactSixteenAdapter {
      "options": Object {
        "enableComponentDidUpdateOnSetState": true,
      },
    },
  },
}
`;

exports[`ColumnJSS matches the snapshot 1`] = `
ShallowWrapper {
  "length": 1,
  Symbol(enzyme.__root__): [Circular],
  Symbol(enzyme.__unrendered__): <Jss(Column)
    xs={
      Object {
        "col": 12,
      }
    }
  />,
  Symbol(enzyme.__renderer__): Object {
    "batchedUpdates": [Function],
    "getNode": [Function],
    "render": [Function],
    "simulateEvent": [Function],
    "unmount": [Function],
  },
  Symbol(enzyme.__node__): Object {
    "instance": null,
    "key": undefined,
    "nodeType": "function",
    "props": Object {
      "classes": Object {
        "col": "Column-col-0-1-1",
        "lg1": "Column-lg1-0-1-146",
        "lg10": "Column-lg10-0-1-182",
        "lg11": "Column-lg11-0-1-186",
        "lg12": "Column-lg12-0-1-190",
        "lg2": "Column-lg2-0-1-150",
        "lg3": "Column-lg3-0-1-154",
        "lg4": "Column-lg4-0-1-158",
        "lg5": "Column-lg5-0-1-162",
        "lg6": "Column-lg6-0-1-166",
        "lg7": "Column-lg7-0-1-170",
        "lg8": "Column-lg8-0-1-174",
        "lg9": "Column-lg9-0-1-178",
        "md1": "Column-md1-0-1-98",
        "md10": "Column-md10-0-1-134",
        "md11": "Column-md11-0-1-138",
        "md12": "Column-md12-0-1-142",
        "md2": "Column-md2-0-1-102",
        "md3": "Column-md3-0-1-106",
        "md4": "Column-md4-0-1-110",
        "md5": "Column-md5-0-1-114",
        "md6": "Column-md6-0-1-118",
        "md7": "Column-md7-0-1-122",
        "md8": "Column-md8-0-1-126",
        "md9": "Column-md9-0-1-130",
        "offset-lg1": "Column-offset-lg1-0-1-147",
        "offset-lg10": "Column-offset-lg10-0-1-183",
        "offset-lg11": "Column-offset-lg11-0-1-187",
        "offset-lg12": "Column-offset-lg12-0-1-191",
        "offset-lg2": "Column-offset-lg2-0-1-151",
        "offset-lg3": "Column-offset-lg3-0-1-155",
        "offset-lg4": "Column-offset-lg4-0-1-159",
        "offset-lg5": "Column-offset-lg5-0-1-163",
        "offset-lg6": "Column-offset-lg6-0-1-167",
        "offset-lg7": "Column-offset-lg7-0-1-171",
        "offset-lg8": "Column-offset-lg8-0-1-175",
        "offset-lg9": "Column-offset-lg9-0-1-179",
        "offset-md1": "Column-offset-md1-0-1-99",
        "offset-md10": "Column-offset-md10-0-1-135",
        "offset-md11": "Column-offset-md11-0-1-139",
        "offset-md12": "Column-offset-md12-0-1-143",
        "offset-md2": "Column-offset-md2-0-1-103",
        "offset-md3": "Column-offset-md3-0-1-107",
        "offset-md4": "Column-offset-md4-0-1-111",
        "offset-md5": "Column-offset-md5-0-1-115",
        "offset-md6": "Column-offset-md6-0-1-119",
        "offset-md7": "Column-offset-md7-0-1-123",
        "offset-md8": "Column-offset-md8-0-1-127",
        "offset-md9": "Column-offset-md9-0-1-131",
        "offset-sm1": "Column-offset-sm1-0-1-51",
        "offset-sm10": "Column-offset-sm10-0-1-87",
        "offset-sm11": "Column-offset-sm11-0-1-91",
        "offset-sm12": "Column-offset-sm12-0-1-95",
        "offset-sm2": "Column-offset-sm2-0-1-55",
        "offset-sm3": "Column-offset-sm3-0-1-59",
        "offset-sm4": "Column-offset-sm4-0-1-63",
        "offset-sm5": "Column-offset-sm5-0-1-67",
        "offset-sm6": "Column-offset-sm6-0-1-71",
        "offset-sm7": "Column-offset-sm7-0-1-75",
        "offset-sm8": "Column-offset-sm8-0-1-79",
        "offset-sm9": "Column-offset-sm9-0-1-83",
        "offset-xs1": "Column-offset-xs1-0-1-3",
        "offset-xs10": "Column-offset-xs10-0-1-39",
        "offset-xs11": "Column-offset-xs11-0-1-43",
        "offset-xs12": "Column-offset-xs12-0-1-47",
        "offset-xs2": "Column-offset-xs2-0-1-7",
        "offset-xs3": "Column-offset-xs3-0-1-11",
        "offset-xs4": "Column-offset-xs4-0-1-15",
        "offset-xs5": "Column-offset-xs5-0-1-19",
        "offset-xs6": "Column-offset-xs6-0-1-23",
        "offset-xs7": "Column-offset-xs7-0-1-27",
        "offset-xs8": "Column-offset-xs8-0-1-31",
        "offset-xs9": "Column-offset-xs9-0-1-35",
        "pull-lg1": "Column-pull-lg1-0-1-149",
        "pull-lg10": "Column-pull-lg10-0-1-185",
        "pull-lg11": "Column-pull-lg11-0-1-189",
        "pull-lg12": "Column-pull-lg12-0-1-193",
        "pull-lg2": "Column-pull-lg2-0-1-153",
        "pull-lg3": "Column-pull-lg3-0-1-157",
        "pull-lg4": "Column-pull-lg4-0-1-161",
        "pull-lg5": "Column-pull-lg5-0-1-165",
        "pull-lg6": "Column-pull-lg6-0-1-169",
        "pull-lg7": "Column-pull-lg7-0-1-173",
        "pull-lg8": "Column-pull-lg8-0-1-177",
        "pull-lg9": "Column-pull-lg9-0-1-181",
        "pull-md1": "Column-pull-md1-0-1-101",
        "pull-md10": "Column-pull-md10-0-1-137",
        "pull-md11": "Column-pull-md11-0-1-141",
        "pull-md12": "Column-pull-md12-0-1-145",
        "pull-md2": "Column-pull-md2-0-1-105",
        "pull-md3": "Column-pull-md3-0-1-109",
        "pull-md4": "Column-pull-md4-0-1-113",
        "pull-md5": "Column-pull-md5-0-1-117",
        "pull-md6": "Column-pull-md6-0-1-121",
        "pull-md7": "Column-pull-md7-0-1-125",
        "pull-md8": "Column-pull-md8-0-1-129",
        "pull-md9": "Column-pull-md9-0-1-133",
        "pull-sm1": "Column-pull-sm1-0-1-53",
        "pull-sm10": "Column-pull-sm10-0-1-89",
        "pull-sm11": "Column-pull-sm11-0-1-93",
        "pull-sm12": "Column-pull-sm12-0-1-97",
        "pull-sm2": "Column-pull-sm2-0-1-57",
        "pull-sm3": "Column-pull-sm3-0-1-61",
        "pull-sm4": "Column-pull-sm4-0-1-65",
        "pull-sm5": "Column-pull-sm5-0-1-69",
        "pull-sm6": "Column-pull-sm6-0-1-73",
        "pull-sm7": "Column-pull-sm7-0-1-77",
        "pull-sm8": "Column-pull-sm8-0-1-81",
        "pull-sm9": "Column-pull-sm9-0-1-85",
        "pull-xs1": "Column-pull-xs1-0-1-5",
        "pull-xs10": "Column-pull-xs10-0-1-41",
        "pull-xs11": "Column-pull-xs11-0-1-45",
        "pull-xs12": "Column-pull-xs12-0-1-49",
        "pull-xs2": "Column-pull-xs2-0-1-9",
        "pull-xs3": "Column-pull-xs3-0-1-13",
        "pull-xs4": "Column-pull-xs4-0-1-17",
        "pull-xs5": "Column-pull-xs5-0-1-21",
        "pull-xs6": "Column-pull-xs6-0-1-25",
        "pull-xs7": "Column-pull-xs7-0-1-29",
        "pull-xs8": "Column-pull-xs8-0-1-33",
        "pull-xs9": "Column-pull-xs9-0-1-37",
        "push-lg1": "Column-push-lg1-0-1-148",
        "push-lg10": "Column-push-lg10-0-1-184",
        "push-lg11": "Column-push-lg11-0-1-188",
        "push-lg12": "Column-push-lg12-0-1-192",
        "push-lg2": "Column-push-lg2-0-1-152",
        "push-lg3": "Column-push-lg3-0-1-156",
        "push-lg4": "Column-push-lg4-0-1-160",
        "push-lg5": "Column-push-lg5-0-1-164",
        "push-lg6": "Column-push-lg6-0-1-168",
        "push-lg7": "Column-push-lg7-0-1-172",
        "push-lg8": "Column-push-lg8-0-1-176",
        "push-lg9": "Column-push-lg9-0-1-180",
        "push-md1": "Column-push-md1-0-1-100",
        "push-md10": "Column-push-md10-0-1-136",
        "push-md11": "Column-push-md11-0-1-140",
        "push-md12": "Column-push-md12-0-1-144",
        "push-md2": "Column-push-md2-0-1-104",
        "push-md3": "Column-push-md3-0-1-108",
        "push-md4": "Column-push-md4-0-1-112",
        "push-md5": "Column-push-md5-0-1-116",
        "push-md6": "Column-push-md6-0-1-120",
        "push-md7": "Column-push-md7-0-1-124",
        "push-md8": "Column-push-md8-0-1-128",
        "push-md9": "Column-push-md9-0-1-132",
        "push-sm1": "Column-push-sm1-0-1-52",
        "push-sm10": "Column-push-sm10-0-1-88",
        "push-sm11": "Column-push-sm11-0-1-92",
        "push-sm12": "Column-push-sm12-0-1-96",
        "push-sm2": "Column-push-sm2-0-1-56",
        "push-sm3": "Column-push-sm3-0-1-60",
        "push-sm4": "Column-push-sm4-0-1-64",
        "push-sm5": "Column-push-sm5-0-1-68",
        "push-sm6": "Column-push-sm6-0-1-72",
        "push-sm7": "Column-push-sm7-0-1-76",
        "push-sm8": "Column-push-sm8-0-1-80",
        "push-sm9": "Column-push-sm9-0-1-84",
        "push-xs1": "Column-push-xs1-0-1-4",
        "push-xs10": "Column-push-xs10-0-1-40",
        "push-xs11": "Column-push-xs11-0-1-44",
        "push-xs12": "Column-push-xs12-0-1-48",
        "push-xs2": "Column-push-xs2-0-1-8",
        "push-xs3": "Column-push-xs3-0-1-12",
        "push-xs4": "Column-push-xs4-0-1-16",
        "push-xs5": "Column-push-xs5-0-1-20",
        "push-xs6": "Column-push-xs6-0-1-24",
        "push-xs7": "Column-push-xs7-0-1-28",
        "push-xs8": "Column-push-xs8-0-1-32",
        "push-xs9": "Column-push-xs9-0-1-36",
        "sm1": "Column-sm1-0-1-50",
        "sm10": "Column-sm10-0-1-86",
        "sm11": "Column-sm11-0-1-90",
        "sm12": "Column-sm12-0-1-94",
        "sm2": "Column-sm2-0-1-54",
        "sm3": "Column-sm3-0-1-58",
        "sm4": "Column-sm4-0-1-62",
        "sm5": "Column-sm5-0-1-66",
        "sm6": "Column-sm6-0-1-70",
        "sm7": "Column-sm7-0-1-74",
        "sm8": "Column-sm8-0-1-78",
        "sm9": "Column-sm9-0-1-82",
        "xs1": "Column-xs1-0-1-2",
        "xs10": "Column-xs10-0-1-38",
        "xs11": "Column-xs11-0-1-42",
        "xs12": "Column-xs12-0-1-46",
        "xs2": "Column-xs2-0-1-6",
        "xs3": "Column-xs3-0-1-10",
        "xs4": "Column-xs4-0-1-14",
        "xs5": "Column-xs5-0-1-18",
        "xs6": "Column-xs6-0-1-22",
        "xs7": "Column-xs7-0-1-26",
        "xs8": "Column-xs8-0-1-30",
        "xs9": "Column-xs9-0-1-34",
      },
      "xs": Object {
        "col": 12,
      },
    },
    "ref": null,
    "rendered": null,
    "type": [Function],
  },
  Symbol(enzyme.__nodes__): Array [
    Object {
      "instance": null,
      "key": undefined,
      "nodeType": "function",
      "props": Object {
        "classes": Object {
          "col": "Column-col-0-1-1",
          "lg1": "Column-lg1-0-1-146",
          "lg10": "Column-lg10-0-1-182",
          "lg11": "Column-lg11-0-1-186",
          "lg12": "Column-lg12-0-1-190",
          "lg2": "Column-lg2-0-1-150",
          "lg3": "Column-lg3-0-1-154",
          "lg4": "Column-lg4-0-1-158",
          "lg5": "Column-lg5-0-1-162",
          "lg6": "Column-lg6-0-1-166",
          "lg7": "Column-lg7-0-1-170",
          "lg8": "Column-lg8-0-1-174",
          "lg9": "Column-lg9-0-1-178",
          "md1": "Column-md1-0-1-98",
          "md10": "Column-md10-0-1-134",
          "md11": "Column-md11-0-1-138",
          "md12": "Column-md12-0-1-142",
          "md2": "Column-md2-0-1-102",
          "md3": "Column-md3-0-1-106",
          "md4": "Column-md4-0-1-110",
          "md5": "Column-md5-0-1-114",
          "md6": "Column-md6-0-1-118",
          "md7": "Column-md7-0-1-122",
          "md8": "Column-md8-0-1-126",
          "md9": "Column-md9-0-1-130",
          "offset-lg1": "Column-offset-lg1-0-1-147",
          "offset-lg10": "Column-offset-lg10-0-1-183",
          "offset-lg11": "Column-offset-lg11-0-1-187",
          "offset-lg12": "Column-offset-lg12-0-1-191",
          "offset-lg2": "Column-offset-lg2-0-1-151",
          "offset-lg3": "Column-offset-lg3-0-1-155",
          "offset-lg4": "Column-offset-lg4-0-1-159",
          "offset-lg5": "Column-offset-lg5-0-1-163",
          "offset-lg6": "Column-offset-lg6-0-1-167",
          "offset-lg7": "Column-offset-lg7-0-1-171",
          "offset-lg8": "Column-offset-lg8-0-1-175",
          "offset-lg9": "Column-offset-lg9-0-1-179",
          "offset-md1": "Column-offset-md1-0-1-99",
          "offset-md10": "Column-offset-md10-0-1-135",
          "offset-md11": "Column-offset-md11-0-1-139",
          "offset-md12": "Column-offset-md12-0-1-143",
          "offset-md2": "Column-offset-md2-0-1-103",
          "offset-md3": "Column-offset-md3-0-1-107",
          "offset-md4": "Column-offset-md4-0-1-111",
          "offset-md5": "Column-offset-md5-0-1-115",
          "offset-md6": "Column-offset-md6-0-1-119",
          "offset-md7": "Column-offset-md7-0-1-123",
          "offset-md8": "Column-offset-md8-0-1-127",
          "offset-md9": "Column-offset-md9-0-1-131",
          "offset-sm1": "Column-offset-sm1-0-1-51",
          "offset-sm10": "Column-offset-sm10-0-1-87",
          "offset-sm11": "Column-offset-sm11-0-1-91",
          "offset-sm12": "Column-offset-sm12-0-1-95",
          "offset-sm2": "Column-offset-sm2-0-1-55",
          "offset-sm3": "Column-offset-sm3-0-1-59",
          "offset-sm4": "Column-offset-sm4-0-1-63",
          "offset-sm5": "Column-offset-sm5-0-1-67",
          "offset-sm6": "Column-offset-sm6-0-1-71",
          "offset-sm7": "Column-offset-sm7-0-1-75",
          "offset-sm8": "Column-offset-sm8-0-1-79",
          "offset-sm9": "Column-offset-sm9-0-1-83",
          "offset-xs1": "Column-offset-xs1-0-1-3",
          "offset-xs10": "Column-offset-xs10-0-1-39",
          "offset-xs11": "Column-offset-xs11-0-1-43",
          "offset-xs12": "Column-offset-xs12-0-1-47",
          "offset-xs2": "Column-offset-xs2-0-1-7",
          "offset-xs3": "Column-offset-xs3-0-1-11",
          "offset-xs4": "Column-offset-xs4-0-1-15",
          "offset-xs5": "Column-offset-xs5-0-1-19",
          "offset-xs6": "Column-offset-xs6-0-1-23",
          "offset-xs7": "Column-offset-xs7-0-1-27",
          "offset-xs8": "Column-offset-xs8-0-1-31",
          "offset-xs9": "Column-offset-xs9-0-1-35",
          "pull-lg1": "Column-pull-lg1-0-1-149",
          "pull-lg10": "Column-pull-lg10-0-1-185",
          "pull-lg11": "Column-pull-lg11-0-1-189",
          "pull-lg12": "Column-pull-lg12-0-1-193",
          "pull-lg2": "Column-pull-lg2-0-1-153",
          "pull-lg3": "Column-pull-lg3-0-1-157",
          "pull-lg4": "Column-pull-lg4-0-1-161",
          "pull-lg5": "Column-pull-lg5-0-1-165",
          "pull-lg6": "Column-pull-lg6-0-1-169",
          "pull-lg7": "Column-pull-lg7-0-1-173",
          "pull-lg8": "Column-pull-lg8-0-1-177",
          "pull-lg9": "Column-pull-lg9-0-1-181",
          "pull-md1": "Column-pull-md1-0-1-101",
          "pull-md10": "Column-pull-md10-0-1-137",
          "pull-md11": "Column-pull-md11-0-1-141",
          "pull-md12": "Column-pull-md12-0-1-145",
          "pull-md2": "Column-pull-md2-0-1-105",
          "pull-md3": "Column-pull-md3-0-1-109",
          "pull-md4": "Column-pull-md4-0-1-113",
          "pull-md5": "Column-pull-md5-0-1-117",
          "pull-md6": "Column-pull-md6-0-1-121",
          "pull-md7": "Column-pull-md7-0-1-125",
          "pull-md8": "Column-pull-md8-0-1-129",
          "pull-md9": "Column-pull-md9-0-1-133",
          "pull-sm1": "Column-pull-sm1-0-1-53",
          "pull-sm10": "Column-pull-sm10-0-1-89",
          "pull-sm11": "Column-pull-sm11-0-1-93",
          "pull-sm12": "Column-pull-sm12-0-1-97",
          "pull-sm2": "Column-pull-sm2-0-1-57",
          "pull-sm3": "Column-pull-sm3-0-1-61",
          "pull-sm4": "Column-pull-sm4-0-1-65",
          "pull-sm5": "Column-pull-sm5-0-1-69",
          "pull-sm6": "Column-pull-sm6-0-1-73",
          "pull-sm7": "Column-pull-sm7-0-1-77",
          "pull-sm8": "Column-pull-sm8-0-1-81",
          "pull-sm9": "Column-pull-sm9-0-1-85",
          "pull-xs1": "Column-pull-xs1-0-1-5",
          "pull-xs10": "Column-pull-xs10-0-1-41",
          "pull-xs11": "Column-pull-xs11-0-1-45",
          "pull-xs12": "Column-pull-xs12-0-1-49",
          "pull-xs2": "Column-pull-xs2-0-1-9",
          "pull-xs3": "Column-pull-xs3-0-1-13",
          "pull-xs4": "Column-pull-xs4-0-1-17",
          "pull-xs5": "Column-pull-xs5-0-1-21",
          "pull-xs6": "Column-pull-xs6-0-1-25",
          "pull-xs7": "Column-pull-xs7-0-1-29",
          "pull-xs8": "Column-pull-xs8-0-1-33",
          "pull-xs9": "Column-pull-xs9-0-1-37",
          "push-lg1": "Column-push-lg1-0-1-148",
          "push-lg10": "Column-push-lg10-0-1-184",
          "push-lg11": "Column-push-lg11-0-1-188",
          "push-lg12": "Column-push-lg12-0-1-192",
          "push-lg2": "Column-push-lg2-0-1-152",
          "push-lg3": "Column-push-lg3-0-1-156",
          "push-lg4": "Column-push-lg4-0-1-160",
          "push-lg5": "Column-push-lg5-0-1-164",
          "push-lg6": "Column-push-lg6-0-1-168",
          "push-lg7": "Column-push-lg7-0-1-172",
          "push-lg8": "Column-push-lg8-0-1-176",
          "push-lg9": "Column-push-lg9-0-1-180",
          "push-md1": "Column-push-md1-0-1-100",
          "push-md10": "Column-push-md10-0-1-136",
          "push-md11": "Column-push-md11-0-1-140",
          "push-md12": "Column-push-md12-0-1-144",
          "push-md2": "Column-push-md2-0-1-104",
          "push-md3": "Column-push-md3-0-1-108",
          "push-md4": "Column-push-md4-0-1-112",
          "push-md5": "Column-push-md5-0-1-116",
          "push-md6": "Column-push-md6-0-1-120",
          "push-md7": "Column-push-md7-0-1-124",
          "push-md8": "Column-push-md8-0-1-128",
          "push-md9": "Column-push-md9-0-1-132",
          "push-sm1": "Column-push-sm1-0-1-52",
          "push-sm10": "Column-push-sm10-0-1-88",
          "push-sm11": "Column-push-sm11-0-1-92",
          "push-sm12": "Column-push-sm12-0-1-96",
          "push-sm2": "Column-push-sm2-0-1-56",
          "push-sm3": "Column-push-sm3-0-1-60",
          "push-sm4": "Column-push-sm4-0-1-64",
          "push-sm5": "Column-push-sm5-0-1-68",
          "push-sm6": "Column-push-sm6-0-1-72",
          "push-sm7": "Column-push-sm7-0-1-76",
          "push-sm8": "Column-push-sm8-0-1-80",
          "push-sm9": "Column-push-sm9-0-1-84",
          "push-xs1": "Column-push-xs1-0-1-4",
          "push-xs10": "Column-push-xs10-0-1-40",
          "push-xs11": "Column-push-xs11-0-1-44",
          "push-xs12": "Column-push-xs12-0-1-48",
          "push-xs2": "Column-push-xs2-0-1-8",
          "push-xs3": "Column-push-xs3-0-1-12",
          "push-xs4": "Column-push-xs4-0-1-16",
          "push-xs5": "Column-push-xs5-0-1-20",
          "push-xs6": "Column-push-xs6-0-1-24",
          "push-xs7": "Column-push-xs7-0-1-28",
          "push-xs8": "Column-push-xs8-0-1-32",
          "push-xs9": "Column-push-xs9-0-1-36",
          "sm1": "Column-sm1-0-1-50",
          "sm10": "Column-sm10-0-1-86",
          "sm11": "Column-sm11-0-1-90",
          "sm12": "Column-sm12-0-1-94",
          "sm2": "Column-sm2-0-1-54",
          "sm3": "Column-sm3-0-1-58",
          "sm4": "Column-sm4-0-1-62",
          "sm5": "Column-sm5-0-1-66",
          "sm6": "Column-sm6-0-1-70",
          "sm7": "Column-sm7-0-1-74",
          "sm8": "Column-sm8-0-1-78",
          "sm9": "Column-sm9-0-1-82",
          "xs1": "Column-xs1-0-1-2",
          "xs10": "Column-xs10-0-1-38",
          "xs11": "Column-xs11-0-1-42",
          "xs12": "Column-xs12-0-1-46",
          "xs2": "Column-xs2-0-1-6",
          "xs3": "Column-xs3-0-1-10",
          "xs4": "Column-xs4-0-1-14",
          "xs5": "Column-xs5-0-1-18",
          "xs6": "Column-xs6-0-1-22",
          "xs7": "Column-xs7-0-1-26",
          "xs8": "Column-xs8-0-1-30",
          "xs9": "Column-xs9-0-1-34",
        },
        "xs": Object {
          "col": 12,
        },
      },
      "ref": null,
      "rendered": null,
      "type": [Function],
    },
  ],
  Symbol(enzyme.__options__): Object {
    "adapter": ReactSixteenAdapter {
      "options": Object {
        "enableComponentDidUpdateOnSetState": true,
      },
    },
  },
}
`;
